Archive member included to satisfy reference by file (symbol)

arduino\libraries\SdFat\src\FatLib\library.a(FatFile.o)
                              .\main.o (FatFile::openRoot(FatVolume*))
arduino\libraries\SdFat\src\FatLib\library.a(FatFileLFN.o)
                              arduino\libraries\SdFat\src\FatLib\library.a(FatFile.o) (FatFile::lfnChecksum(unsigned char*))
arduino\libraries\SdFat\src\FatLib\library.a(FatFileSFN.o)
                              .\main.o (FatFile::getName(char*, unsigned int))
arduino\libraries\SdFat\src\FatLib\library.a(FatVolume.o)
                              arduino\libraries\SdFat\src\FatLib\library.a(FatFile.o) (FatCache::sync())
arduino\libraries\Adafruit_SPIFlash\src\library.a(Adafruit_SPIFlash.o)
                              .\main.o (Adafruit_SPIFlash::Adafruit_SPIFlash(Adafruit_FlashTransport*))
arduino\libraries\Adafruit_SPIFlash\src\library.a(Adafruit_SPIFlashBase.o)
                              arduino\libraries\Adafruit_SPIFlash\src\library.a(Adafruit_SPIFlash.o) (Adafruit_SPIFlashBase::Adafruit_SPIFlashBase())
arduino\libraries\Adafruit_SPIFlash\src\library.a(Adafruit_FlashCache.o)
                              arduino\libraries\Adafruit_SPIFlash\src\library.a(Adafruit_SPIFlash.o) (Adafruit_FlashCache::Adafruit_FlashCache())
arduino\libraries\Adafruit_SPIFlash\src\qspi\library.a(Adafruit_FlashTransport_QSPI_SAMD.o)
                              .\main.o (Adafruit_FlashTransport_QSPI::Adafruit_FlashTransport_QSPI())
src\Cpl\System\FreeRTOS\library.a(Api.o)
                              .\main.o (Cpl::System::Api::initialize())
src\Cpl\System\FreeRTOS\library.a(Mutex.o)
                              src\Cpl\System\FreeRTOS\library.a(Api.o) (Cpl::System::Mutex::Mutex())
src\Cpl\System\FreeRTOS\library.a(Thread.o)
                              .\main.o (Cpl::System::FreeRTOS::Thread::makeNativeMainThreadACplThread())
src\Cpl\System\FreeRTOS\_fatalerror\library.a(FatalError.o)
                              src\Cpl\System\FreeRTOS\library.a(Mutex.o) (Cpl::System::FatalError::logf(char const*, ...))
src\Cpl\System\_trace\_arduino\library.a(TraceOutput.o)
                              src\Cpl\System\FreeRTOS\_fatalerror\library.a(FatalError.o) (Cpl::System::Trace::getDefaultOutputStream_())
src\Bsp\Adafruit\grand_central_m4\gcc\library.a(Api.o)
                              .\main.o (Bsp_Api_initialize)
src\Bsp\Adafruit\grand_central_m4\gcc\library.a(cortex_handlers.o)
                              (Reset_Handler)
src\Bsp\Adafruit\grand_central_m4\gcc\library.a(main.o)
                              c:/users/johnt/appdata/local/arduino15/packages/adafruit/tools/arm-none-eabi-gcc/9-2019q4/bin/../lib/gcc/arm-none-eabi/9.2.1/../../../../arm-none-eabi/lib/thumb/v7e-m+fp/hard/crt0.o (main)
src\Bsp\Adafruit\grand_central_m4\gcc\library.a(wiring.o)
                              src\Bsp\Adafruit\grand_central_m4\gcc\library.a(main.o) (init)
src\Bsp\Adafruit\grand_central_m4\gcc\FreeRTOS\source\library.a(queue.o)
                              src\Cpl\System\FreeRTOS\library.a(Mutex.o) (xQueueCreateMutex)
src\Bsp\Adafruit\grand_central_m4\gcc\FreeRTOS\source\library.a(tasks.o)
                              src\Cpl\System\FreeRTOS\library.a(Thread.o) (xTaskCreate)
src\Bsp\Adafruit\grand_central_m4\gcc\FreeRTOS\source\library.a(list.o)
                              src\Bsp\Adafruit\grand_central_m4\gcc\FreeRTOS\source\library.a(queue.o) (vListInitialise)
src\Bsp\Adafruit\grand_central_m4\gcc\FreeRTOS\source\portable\GCC\ARM_CM4F\library.a(port.o)
                              src\Bsp\Adafruit\grand_central_m4\gcc\FreeRTOS\source\library.a(tasks.o) (pxPortInitialiseStack)
src\Bsp\Adafruit\grand_central_m4\gcc\FreeRTOS\source\portable\MemMang\library.a(heap_1.o)
                              src\Bsp\Adafruit\grand_central_m4\gcc\library.a(main.o) (pvPortMalloc)
arduino\hardware\samd\1.6.0\cores\arduino\USB\library.a(CDC.o)
                              .\main.o (Serial)
arduino\hardware\samd\1.6.0\cores\arduino\USB\library.a(USBCore.o)
                              src\Bsp\Adafruit\grand_central_m4\gcc\library.a(main.o) (USBDeviceClass::init())
arduino\hardware\samd\1.6.0\cores\arduino\USB\library.a(PluggableUSB.o)
                              arduino\hardware\samd\1.6.0\cores\arduino\USB\library.a(USBCore.o) (PluggableUSB_::getInterface(unsigned char*))
arduino\hardware\samd\1.6.0\cores\arduino\USB\library.a(SAMD21_USBDevice.o)
                              arduino\hardware\samd\1.6.0\cores\arduino\USB\library.a(USBCore.o) (USBDevice_SAMD21G18x::reset())
arduino\hardware\samd\1.6.0\cores\arduino\library.a(abi.o)
                              arduino\libraries\Adafruit_SPIFlash\src\library.a(Adafruit_SPIFlash.o) (__cxa_pure_virtual)
arduino\hardware\samd\1.6.0\cores\arduino\library.a(delay.o)
                              arduino\hardware\samd\1.6.0\cores\arduino\USB\library.a(CDC.o) (millis)
arduino\hardware\samd\1.6.0\cores\arduino\library.a(hooks.o)
[...]
Memory Configuration

Name             Origin             Length             Attributes
FLASH            0x00000000         0x00100000         xr
RAM              0x20000000         0x00040000         xrw
*default*        0x00000000         0xffffffff

Linker script and memory map

LOAD c:/users/johnt/appdata/local/arduino15/packages/adafruit/tools/arm-none-eabi-gcc/9-2019q4/bin/../lib/gcc/arm-none-eabi/9.2.1/thumb/v7e-m+fp/hard/crti.o
LOAD c:/users/johnt/appdata/local/arduino15/packages/adafruit/tools/arm-none-eabi-gcc/9-2019q4/bin/../lib/gcc/arm-none-eabi/9.2.1/thumb/v7e-m+fp/hard/crtbegin.o
LOAD c:/users/johnt/appdata/local/arduino15/packages/adafruit/tools/arm-none-eabi-gcc/9-2019q4/bin/../lib/gcc/arm-none-eabi/9.2.1/../../../../arm-none-eabi/lib/thumb/v7e-m+fp/hard/crt0.o
LOAD .\main.o
START GROUP
LOAD arduino\libraries\SdFat\src\library.a
LOAD arduino\libraries\SdFat\src\FatLib\library.a
LOAD arduino\libraries\Adafruit_SPIFlash\src\library.a
LOAD arduino\libraries\Adafruit_SPIFlash\src\qspi\library.a
LOAD arduino\libraries\Adafruit_Zero_DMA_Library\library.a
LOAD src\Cpl\Io\File\library.a
LOAD src\Cpl\Container\library.a
LOAD src\Cpl\Text\library.a
LOAD src\Cpl\Io\library.a
LOAD src\Cpl\Dm\library.a
LOAD src\Cpl\Itc\library.a
LOAD src\Cpl\System\library.a
LOAD src\Cpl\TShell\Cmd\FreeRTOS\library.a
LOAD src\Cpl\System\FreeRTOS\library.a
LOAD src\Cpl\System\FreeRTOS\_fatalerror\library.a
LOAD src\Cpl\System\_trace\library.a
LOAD src\Cpl\System\_trace\_arduino\library.a
LOAD src\Cpl\Io\Serial\Arduino\library.a
LOAD src\Bsp\Adafruit\grand_central_m4\gcc\library.a
LOAD src\Bsp\Adafruit\grand_central_m4\gcc\FreeRTOS\source\library.a
LOAD src\Bsp\Adafruit\grand_central_m4\gcc\FreeRTOS\source\portable\GCC\ARM_CM4F\library.a
LOAD src\Bsp\Adafruit\grand_central_m4\gcc\FreeRTOS\source\portable\MemMang\library.a
LOAD arduino\hardware\samd\1.6.0\cores\arduino\USB\library.a
LOAD arduino\hardware\samd\1.6.0\libraries\Wire\library.a
LOAD arduino\hardware\samd\1.6.0\variants\grand_central_m4\library.a
LOAD arduino\hardware\samd\1.6.0\cores\arduino\library.a
END GROUP
START GROUP
LOAD c:/users/johnt/appdata/local/arduino15/packages/adafruit/tools/arm-none-eabi-gcc/9-2019q4/bin/../lib/gcc/arm-none-eabi/9.2.1/../../../../arm-none-eabi/lib/thumb/v7e-m+fp/hard\libm.a
LOAD c:/users/johnt/appdata/local/arduino15/packages/adafruit/tools/arm-none-eabi-gcc/9-2019q4/bin/../lib/gcc/arm-none-eabi/9.2.1/../../../../arm-none-eabi/lib/thumb/v7e-m+fp/hard\libstdc++_nano.a
END GROUP
START GROUP
LOAD c:/users/johnt/appdata/local/arduino15/packages/adafruit/tools/arm-none-eabi-gcc/9-2019q4/bin/../lib/gcc/arm-none-eabi/9.2.1/thumb/v7e-m+fp/hard\libgcc.a
LOAD c:/users/johnt/appdata/local/arduino15/packages/adafruit/tools/arm-none-eabi-gcc/9-2019q4/bin/../lib/gcc/arm-none-eabi/9.2.1/../../../../arm-none-eabi/lib/thumb/v7e-m+fp/hard\libc_nano.a
END GROUP
START GROUP
LOAD c:/users/johnt/appdata/local/arduino15/packages/adafruit/tools/arm-none-eabi-gcc/9-2019q4/bin/../lib/gcc/arm-none-eabi/9.2.1/thumb/v7e-m+fp/hard\libgcc.a
LOAD c:/users/johnt/appdata/local/arduino15/packages/adafruit/tools/arm-none-eabi-gcc/9-2019q4/bin/../lib/gcc/arm-none-eabi/9.2.1/../../../../arm-none-eabi/lib/thumb/v7e-m+fp/hard\libc_nano.a
LOAD c:/users/johnt/appdata/local/arduino15/packages/adafruit/tools/arm-none-eabi-gcc/9-2019q4/bin/../lib/gcc/arm-none-eabi/9.2.1/../../../../arm-none-eabi/lib/thumb/v7e-m+fp/hard\libnosys.a
END GROUP
START GROUP
LOAD c:/users/johnt/appdata/local/arduino15/packages/adafruit/tools/arm-none-eabi-gcc/9-2019q4/bin/../lib/gcc/arm-none-eabi/9.2.1/thumb/v7e-m+fp/hard\libgcc.a
LOAD c:/users/johnt/appdata/local/arduino15/packages/adafruit/tools/arm-none-eabi-gcc/9-2019q4/bin/../lib/gcc/arm-none-eabi/9.2.1/../../../../arm-none-eabi/lib/thumb/v7e-m+fp/hard\libc_nano.a
LOAD c:/users/johnt/appdata/local/arduino15/packages/adafruit/tools/arm-none-eabi-gcc/9-2019q4/bin/../lib/gcc/arm-none-eabi/9.2.1/../../../../arm-none-eabi/lib/thumb/v7e-m+fp/hard\libnosys.a
END GROUP
LOAD c:/users/johnt/appdata/local/arduino15/packages/adafruit/tools/arm-none-eabi-gcc/9-2019q4/bin/../lib/gcc/arm-none-eabi/9.2.1/thumb/v7e-m+fp/hard/crtend.o
LOAD c:/users/johnt/appdata/local/arduino15/packages/adafruit/tools/arm-none-eabi-gcc/9-2019q4/bin/../lib/gcc/arm-none-eabi/9.2.1/thumb/v7e-m+fp/hard/crtn.o

.text           0x00000000     0xbd1c
                0x00000000                __text_start__ = .
                0x00000000                . = ALIGN (0x4)
 *(.isr_vector)
 .isr_vector    0x00000000      0x264 src\Bsp\Adafruit\grand_central_m4\gcc\library.a(cortex_handlers.o)
                0x00000000                exception_table
 *(.text*)
 .text          0x00000264       0x40 c:/users/johnt/appdata/local/arduino15/packages/adafruit/tools/arm-none-eabi-gcc/9-2019q4/bin/../lib/gcc/arm-none-eabi/9.2.1/thumb/v7e-m+fp/hard/crtbegin.o
 .text._ZN5Print17availableForWriteEv
                0x000002a4        0x4 .\main.o
                0x000002a4                Print::availableForWrite()
 .text._ZN4File9availableEv
                0x000002a8       0x1a .\main.o
                0x000002a8                File::available()
 .text._ZN17Adafruit_SPIFlashD2Ev
                0x000002c2        0x2 .\main.o
                0x000002c2                Adafruit_SPIFlash::~Adafruit_SPIFlash()
                0x000002c2                Adafruit_SPIFlash::~Adafruit_SPIFlash()
 .text._ZN4File4peekEv
                0x000002c4        0x6 .\main.o
                0x000002c4                File::peek()
 .text._ZN4File5flushEv
                0x000002ca        0x6 .\main.o
                0x000002ca                File::flush()
 .text._ZN4File5writeEPKhj
                0x000002d0        0x6 .\main.o
                0x000002d0                File::write(unsigned char const*, unsigned int)
 .text._ZN4File5writeEh
                0x000002d6       0x18 .\main.o
                0x000002d6                File::write(unsigned char)
 .text._ZN7FatFile6existsEPKc
                0x000002ee       0x1a .\main.o
                0x000002ee                FatFile::exists(char const*)
 .text._ZN7FatFile4readEv
                0x00000308       0x1e .\main.o
                0x00000308                FatFile::read()
 .text._ZN4File4readEv
                0x00000326        0xa .\main.o
                0x00000326                File::read()
 .text._ZN4FileC2Ev
                0x00000330       0x18 .\main.o
                0x00000330                File::File()
                0x00000330                File::File()
 .text._ZN13FatFileSystem5mkdirEPKcb
                0x00000348       0x1e .\main.o
                0x00000348                FatFileSystem::mkdir(char const*, bool)
 *fill*         0x00000366        0x2 
 .text.setup    0x00000368      0x55c .\main.o
                0x00000368                setup
 .text.loop     0x000008c4        0x6 .\main.o
                0x000008c4                loop
 *fill*         0x000008ca        0x2 
 .text.startup._GLOBAL__sub_I_fatfs
                0x000008cc       0x64 .\main.o
 .text._ZN9FatVolume9cacheSyncEv
                0x00000930       0x26 arduino\libraries\SdFat\src\FatLib\library.a(FatFile.o)
                0x00000930                FatVolume::cacheSync()
 .text._ZN7FatFile10addClusterEv
                0x00000956       0x14 arduino\libraries\SdFat\src\FatLib\library.a(FatFile.o)
                0x00000956                FatFile::addCluster()
 *fill*         0x0000096a        0x2 
 .text._ZN7FatFile13addDirClusterEv
                0x0000096c       0x7c arduino\libraries\SdFat\src\FatLib\library.a(FatFile.o)
                0x0000096c                FatFile::addDirCluster()
 .text._ZN7FatFile13cacheDirEntryEh
                0x000009e8       0x1e arduino\libraries\SdFat\src\FatLib\library.a(FatFile.o)
                0x000009e8                FatFile::cacheDirEntry(unsigned char)
 .text._ZN7FatFile7dirNameEPK14directoryEntryPc
                0x00000a06       0x56 arduino\libraries\SdFat\src\FatLib\library.a(FatFile.o)
                0x00000a06                FatFile::dirName(directoryEntry const*, char*)
 .text._ZN7FatFile8openRootEP9FatVolume
                0x00000a5c       0x36 arduino\libraries\SdFat\src\FatLib\library.a(FatFile.o)
                0x00000a5c                FatFile::openRoot(FatVolume*)
 .text._ZN7FatFile4readEPvj
                0x00000a92      0x164 arduino\libraries\SdFat\src\FatLib\library.a(FatFile.o)
                0x00000a92                FatFile::read(void*, unsigned int)
 .text._ZN7FatFile4peekEv
                0x00000bf6       0x26 arduino\libraries\SdFat\src\FatLib\library.a(FatFile.o)
                0x00000bf6                FatFile::peek()
 .text._ZN7FatFile12readDirCacheEb
                0x00000c1c       0x3e arduino\libraries\SdFat\src\FatLib\library.a(FatFile.o)
                0x00000c1c                FatFile::readDirCache(bool)
 .text._ZN7FatFile7seekSetEm
                0x00000c5a       0x86 arduino\libraries\SdFat\src\FatLib\library.a(FatFile.o)
                0x00000c5a                FatFile::seekSet(unsigned long)
 .text._ZN7FatFile15openCachedEntryEPS_tih
                0x00000ce0       0xda arduino\libraries\SdFat\src\FatLib\library.a(FatFile.o)
                0x00000ce0                FatFile::openCachedEntry(FatFile*, unsigned short, int, unsigned char)
 .text._ZN7FatFile8openNextEPS_i
                0x00000dba       0x7a arduino\libraries\SdFat\src\FatLib\library.a(FatFile.o)
                0x00000dba                FatFile::openNext(FatFile*, int)
 .text._ZN7FatFile5rmdirEv
                0x00000e34       0x4e arduino\libraries\SdFat\src\FatLib\library.a(FatFile.o)
                0x00000e34                FatFile::rmdir()
 .text._ZN7FatFile4openEPS_ti
                0x00000e82       0xa4 arduino\libraries\SdFat\src\FatLib\library.a(FatFile.o)
                0x00000e82                FatFile::open(FatFile*, unsigned short, int)
 .text._ZN7FatFile8rmRfStarEv
                0x00000f26       0xae arduino\libraries\SdFat\src\FatLib\library.a(FatFile.o)
                0x00000f26                FatFile::rmRfStar()
 .text._ZN7FatFile4syncEv
                0x00000fd4       0x6c arduino\libraries\SdFat\src\FatLib\library.a(FatFile.o)
                0x00000fd4                FatFile::sync()
 .text._ZN7FatFile5closeEv
                0x00001040        0xe arduino\libraries\SdFat\src\FatLib\library.a(FatFile.o)
                0x00001040                FatFile::close()
 .text._ZN7FatFile4openEPS_PKci
                0x0000104e       0x9a arduino\libraries\SdFat\src\FatLib\library.a(FatFile.o)
                0x0000104e                FatFile::open(FatFile*, char const*, int)
 .text._ZN7FatFile6removeEPS_PKc
                0x000010e8       0x24 arduino\libraries\SdFat\src\FatLib\library.a(FatFile.o)
                0x000010e8                FatFile::remove(FatFile*, char const*)
 .text._ZN7FatFile5mkdirEPS_P7fname_t
                0x0000110c       0xfe arduino\libraries\SdFat\src\FatLib\library.a(FatFile.o)
                0x0000110c                FatFile::mkdir(FatFile*, fname_t*)
 .text._ZN7FatFile5mkdirEPS_PKcb
                0x0000120a       0xa0 arduino\libraries\SdFat\src\FatLib\library.a(FatFile.o)
                0x0000120a                FatFile::mkdir(FatFile*, char const*, bool)
 *fill*         0x000012aa        0x2 
 .text._ZN7FatFile5writeEPKvj
                0x000012ac      0x18c arduino\libraries\SdFat\src\FatLib\library.a(FatFile.o)
                0x000012ac                FatFile::write(void const*, unsigned int)
 .text._ZN7FatFile11lfnChecksumEPh
                0x00001438       0x1e arduino\libraries\SdFat\src\FatLib\library.a(FatFileLFN.o)
                0x00001438                FatFile::lfnChecksum(unsigned char*)
 .text._ZN7FatFile6getSFNEPc
                0x00001456       0x2e arduino\libraries\SdFat\src\FatLib\library.a(FatFileSFN.o)
                0x00001456                FatFile::getSFN(char*)
 .text._ZN7FatFile7getNameEPcj
                0x00001484       0x14 arduino\libraries\SdFat\src\FatLib\library.a(FatFileSFN.o)
                0x00001484                FatFile::getName(char*, unsigned int)
 .text._ZN7FatFile13parsePathNameEPKcP7fname_tPS1_
                0x00001498       0xcc arduino\libraries\SdFat\src\FatLib\library.a(FatFileSFN.o)
                0x00001498                FatFile::parsePathName(char const*, fname_t*, char const**)
 .text._ZN7FatFile4openEPS_P7fname_ti
                0x00001564      0x170 arduino\libraries\SdFat\src\FatLib\library.a(FatFileSFN.o)
                0x00001564                FatFile::open(FatFile*, fname_t*, int)
 .text._ZN7FatFile6removeEv
                0x000016d4       0x60 arduino\libraries\SdFat\src\FatLib\library.a(FatFileSFN.o)
                0x000016d4                FatFile::remove()
 .text._ZN9FatVolume10writeBlockEmPKh.isra.0
                0x00001734        0x6 arduino\libraries\SdFat\src\FatLib\library.a(FatVolume.o)
 .text._ZN8FatCache4syncEv
                0x0000173a       0x56 arduino\libraries\SdFat\src\FatLib\library.a(FatVolume.o)
                0x0000173a                FatCache::sync()
 .text._ZN8FatCache4readEmh
                0x00001790       0x48 arduino\libraries\SdFat\src\FatLib\library.a(FatVolume.o)
                0x00001790                FatCache::read(unsigned long, unsigned char)
 .text._ZNK9FatVolume17clusterFirstBlockEm
                0x000017d8        0xc arduino\libraries\SdFat\src\FatLib\library.a(FatVolume.o)
                0x000017d8                FatVolume::clusterFirstBlock(unsigned long) const
 .text._ZN9FatVolume6fatGetEmPm
                0x000017e4       0xce arduino\libraries\SdFat\src\FatLib\library.a(FatVolume.o)
                0x000017e4                FatVolume::fatGet(unsigned long, unsigned long*)
 .text._ZN9FatVolume6fatPutEmm
                0x000018b2       0xda arduino\libraries\SdFat\src\FatLib\library.a(FatVolume.o)
                0x000018b2                FatVolume::fatPut(unsigned long, unsigned long)
 .text._ZN9FatVolume15allocateClusterEmPm
                0x0000198c       0x76 arduino\libraries\SdFat\src\FatLib\library.a(FatVolume.o)
                0x0000198c                FatVolume::allocateCluster(unsigned long, unsigned long*)
 .text._ZN9FatVolume9freeChainEm
                0x00001a02       0x3a arduino\libraries\SdFat\src\FatLib\library.a(FatVolume.o)
                0x00001a02                FatVolume::freeChain(unsigned long)
 .text._ZN9FatVolume4initEh
                0x00001a3c      0x108 arduino\libraries\SdFat\src\FatLib\library.a(FatVolume.o)
                0x00001a3c                FatVolume::init(unsigned char)
 .text._ZN17Adafruit_SPIFlash9readBlockEmPh
                0x00001b44       0x1a arduino\libraries\Adafruit_SPIFlash\src\library.a(Adafruit_SPIFlash.o)
                0x00001b44                Adafruit_SPIFlash::readBlock(unsigned long, unsigned char*)
 .text._ZN17Adafruit_SPIFlash10readBlocksEmPhj
                0x00001b5e       0x18 arduino\libraries\Adafruit_SPIFlash\src\library.a(Adafruit_SPIFlash.o)
                0x00001b5e                Adafruit_SPIFlash::readBlocks(unsigned long, unsigned char*, unsigned int)
 .text._ZN17Adafruit_SPIFlash10syncBlocksEv
                0x00001b76        0x8 arduino\libraries\Adafruit_SPIFlash\src\library.a(Adafruit_SPIFlash.o)
                0x00001b76                Adafruit_SPIFlash::syncBlocks()
 .text._ZN17Adafruit_SPIFlash10writeBlockEmPKh
                0x00001b7e       0x1a arduino\libraries\Adafruit_SPIFlash\src\library.a(Adafruit_SPIFlash.o)
                0x00001b7e                Adafruit_SPIFlash::writeBlock(unsigned long, unsigned char const*)
 .text._ZN17Adafruit_SPIFlash11writeBlocksEmPKhj
                0x00001b98       0x18 arduino\libraries\Adafruit_SPIFlash\src\library.a(Adafruit_SPIFlash.o)
                0x00001b98                Adafruit_SPIFlash::writeBlocks(unsigned long, unsigned char const*, unsigned int)
 .text._ZN17Adafruit_SPIFlashC2EP23Adafruit_FlashTransport
                0x00001bb0       0x28 arduino\libraries\Adafruit_SPIFlash\src\library.a(Adafruit_SPIFlash.o)
                0x00001bb0                Adafruit_SPIFlash::Adafruit_SPIFlash(Adafruit_FlashTransport*)
                0x00001bb0                Adafruit_SPIFlash::Adafruit_SPIFlash(Adafruit_FlashTransport*)
 .text._ZN21Adafruit_SPIFlashBaseC2EP23Adafruit_FlashTransport
                0x00001bd8        0x8 arduino\libraries\Adafruit_SPIFlash\src\library.a(Adafruit_SPIFlashBase.o)
                0x00001bd8                Adafruit_SPIFlashBase::Adafruit_SPIFlashBase(Adafruit_FlashTransport*)
                0x00001bd8                Adafruit_SPIFlashBase::Adafruit_SPIFlashBase(Adafruit_FlashTransport*)
 .text._ZN21Adafruit_SPIFlashBase10getJEDECIDEv
                0x00001be0       0x12 arduino\libraries\Adafruit_SPIFlash\src\library.a(Adafruit_SPIFlashBase.o)
                0x00001be0                Adafruit_SPIFlashBase::getJEDECID()
 .text._ZN21Adafruit_SPIFlashBase10readStatusEv
                0x00001bf2       0x1a arduino\libraries\Adafruit_SPIFlash\src\library.a(Adafruit_SPIFlashBase.o)
                0x00001bf2                Adafruit_SPIFlashBase::readStatus()
 .text._ZN21Adafruit_SPIFlashBase11readStatus2Ev
                0x00001c0c       0x1a arduino\libraries\Adafruit_SPIFlash\src\library.a(Adafruit_SPIFlashBase.o)
                0x00001c0c                Adafruit_SPIFlashBase::readStatus2()
 .text._ZN21Adafruit_SPIFlashBase14waitUntilReadyEv
                0x00001c26       0x16 arduino\libraries\Adafruit_SPIFlash\src\library.a(Adafruit_SPIFlashBase.o)
                0x00001c26                Adafruit_SPIFlashBase::waitUntilReady()
 .text._ZN21Adafruit_SPIFlashBase11writeEnableEv
                0x00001c3c        0xa arduino\libraries\Adafruit_SPIFlash\src\library.a(Adafruit_SPIFlashBase.o)
                0x00001c3c                Adafruit_SPIFlashBase::writeEnable()
 *fill*         0x00001c46        0x2 
 .text._ZN21Adafruit_SPIFlashBase5beginEPK17SPIFlash_Device_t
                0x00001c48      0x138 arduino\libraries\Adafruit_SPIFlash\src\library.a(Adafruit_SPIFlashBase.o)
                0x00001c48                Adafruit_SPIFlashBase::begin(SPIFlash_Device_t const*)
 .text._ZN21Adafruit_SPIFlashBase11eraseSectorEm
                0x00001d80       0x28 arduino\libraries\Adafruit_SPIFlash\src\library.a(Adafruit_SPIFlashBase.o)
                0x00001d80                Adafruit_SPIFlashBase::eraseSector(unsigned long)
 .text._ZN21Adafruit_SPIFlashBase10readBufferEmPhm
                0x00001da8       0x2a arduino\libraries\Adafruit_SPIFlash\src\library.a(Adafruit_SPIFlashBase.o)
                0x00001da8                Adafruit_SPIFlashBase::readBuffer(unsigned long, unsigned char*, unsigned long)
 .text._ZN21Adafruit_SPIFlashBase11writeBufferEmPKhm
                0x00001dd2       0x4e arduino\libraries\Adafruit_SPIFlash\src\library.a(Adafruit_SPIFlashBase.o)
                0x00001dd2                Adafruit_SPIFlashBase::writeBuffer(unsigned long, unsigned char const*, unsigned long)
 .text._ZN19Adafruit_FlashCacheC2Ev
                0x00001e20        0xc arduino\libraries\Adafruit_SPIFlash\src\library.a(Adafruit_FlashCache.o)
                0x00001e20                Adafruit_FlashCache::Adafruit_FlashCache()
                0x00001e20                Adafruit_FlashCache::Adafruit_FlashCache()
 .text._ZN19Adafruit_FlashCache4syncEP17Adafruit_SPIFlash
                0x00001e2c       0x30 arduino\libraries\Adafruit_SPIFlash\src\library.a(Adafruit_FlashCache.o)
                0x00001e2c                Adafruit_FlashCache::sync(Adafruit_SPIFlash*)
 .text._ZN19Adafruit_FlashCache5writeEP17Adafruit_SPIFlashmPKvm
                0x00001e5c       0x7a arduino\libraries\Adafruit_SPIFlash\src\library.a(Adafruit_FlashCache.o)
                0x00001e5c                Adafruit_FlashCache::write(Adafruit_SPIFlash*, unsigned long, void const*, unsigned long)
 .text._ZN19Adafruit_FlashCache4readEP17Adafruit_SPIFlashmPhm
                0x00001ed6       0x8a arduino\libraries\Adafruit_SPIFlash\src\library.a(Adafruit_FlashCache.o)
                0x00001ed6                Adafruit_FlashCache::read(Adafruit_SPIFlash*, unsigned long, unsigned char*, unsigned long)
 .text._ZN28Adafruit_FlashTransport_QSPI15supportQuadModeEv
                0x00001f60        0x4 arduino\libraries\Adafruit_SPIFlash\src\qspi\library.a(Adafruit_FlashTransport_QSPI_SAMD.o)
                0x00001f60                Adafruit_FlashTransport_QSPI::supportQuadMode()
 .text._ZL40samd_peripherals_disable_and_clear_cachev
                0x00001f64       0x20 arduino\libraries\Adafruit_SPIFlash\src\qspi\library.a(Adafruit_FlashTransport_QSPI_SAMD.o)
 .text._ZN28Adafruit_FlashTransport_QSPI13setClockSpeedEm
                0x00001f84       0x1c arduino\libraries\Adafruit_SPIFlash\src\qspi\library.a(Adafruit_FlashTransport_QSPI_SAMD.o)
                0x00001f84                Adafruit_FlashTransport_QSPI::setClockSpeed(unsigned long)
 .text._ZN28Adafruit_FlashTransport_QSPI5beginEv
                0x00001fa0       0x80 arduino\libraries\Adafruit_SPIFlash\src\qspi\library.a(Adafruit_FlashTransport_QSPI_SAMD.o)
                0x00001fa0                Adafruit_FlashTransport_QSPI::begin()
 .text._ZL16_run_instructionhmmPhm
                0x00002020       0x5c arduino\libraries\Adafruit_SPIFlash\src\qspi\library.a(Adafruit_FlashTransport_QSPI_SAMD.o)
 .text._ZN28Adafruit_FlashTransport_QSPI10runCommandEh
                0x0000207c       0x18 arduino\libraries\Adafruit_SPIFlash\src\qspi\library.a(Adafruit_FlashTransport_QSPI_SAMD.o)
                0x0000207c                Adafruit_FlashTransport_QSPI::runCommand(unsigned char)
 .text._ZN28Adafruit_FlashTransport_QSPI11readCommandEhPhm
                0x00002094       0x2c arduino\libraries\Adafruit_SPIFlash\src\qspi\library.a(Adafruit_FlashTransport_QSPI_SAMD.o)
                0x00002094                Adafruit_FlashTransport_QSPI::readCommand(unsigned char, unsigned char*, unsigned long)
 .text._ZN28Adafruit_FlashTransport_QSPI12writeCommandEhPKhm
                0x000020c0       0x38 arduino\libraries\Adafruit_SPIFlash\src\qspi\library.a(Adafruit_FlashTransport_QSPI_SAMD.o)
                0x000020c0                Adafruit_FlashTransport_QSPI::writeCommand(unsigned char, unsigned char const*, unsigned long)
 .text._ZN28Adafruit_FlashTransport_QSPI12eraseCommandEhm
                0x000020f8       0x18 arduino\libraries\Adafruit_SPIFlash\src\qspi\library.a(Adafruit_FlashTransport_QSPI_SAMD.o)
                0x000020f8                Adafruit_FlashTransport_QSPI::eraseCommand(unsigned char, unsigned long)
 .text._ZN28Adafruit_FlashTransport_QSPI10readMemoryEmPhm
                0x00002110       0x30 arduino\libraries\Adafruit_SPIFlash\src\qspi\library.a(Adafruit_FlashTransport_QSPI_SAMD.o)
                0x00002110                Adafruit_FlashTransport_QSPI::readMemory(unsigned long, unsigned char*, unsigned long)
 .text._ZN28Adafruit_FlashTransport_QSPI11writeMemoryEmPKhm
                0x00002140       0x30 arduino\libraries\Adafruit_SPIFlash\src\qspi\library.a(Adafruit_FlashTransport_QSPI_SAMD.o)
                0x00002140                Adafruit_FlashTransport_QSPI::writeMemory(unsigned long, unsigned char const*, unsigned long)
 .text._ZN28Adafruit_FlashTransport_QSPIC2Ev
                0x00002170       0x18 arduino\libraries\Adafruit_SPIFlash\src\qspi\library.a(Adafruit_FlashTransport_QSPI_SAMD.o)
                0x00002170                Adafruit_FlashTransport_QSPI::Adafruit_FlashTransport_QSPI()
                0x00002170                Adafruit_FlashTransport_QSPI::Adafruit_FlashTransport_QSPI()
 .text._ZN3Cpl6System3Api10initializeEv
                0x00002188        0x4 src\Cpl\System\FreeRTOS\library.a(Api.o)
                0x00002188                Cpl::System::Api::initialize()
 .text._ZN3Cpl6System3Api19isSchedulingEnabledEv
                0x0000218c        0xc src\Cpl\System\FreeRTOS\library.a(Api.o)
                0x0000218c                Cpl::System::Api::isSchedulingEnabled()
 .text._ZN3Cpl6System3Api5sleepEm
                0x00002198        0x4 src\Cpl\System\FreeRTOS\library.a(Api.o)
                0x00002198                Cpl::System::Api::sleep(unsigned long)
 .text._ZN3Cpl6System6Locks_6systemEv
                0x0000219c        0x8 src\Cpl\System\FreeRTOS\library.a(Api.o)
                0x0000219c                Cpl::System::Locks_::system()
 .text._ZN3Cpl6System6Locks_8sysListsEv
                0x000021a4        0x8 src\Cpl\System\FreeRTOS\library.a(Api.o)
                0x000021a4                Cpl::System::Locks_::sysLists()
 .text.startup._GLOBAL__sub_I_cpl_system_thread_freertos_schedulerStarted_
                0x000021ac       0x80 src\Cpl\System\FreeRTOS\library.a(Api.o)
 .text._ZN3Cpl6System5MutexC2Ev
                0x0000222c       0x1c src\Cpl\System\FreeRTOS\library.a(Mutex.o)
                0x0000222c                Cpl::System::Mutex::Mutex()
                0x0000222c                Cpl::System::Mutex::Mutex()
 .text._ZN3Cpl6System5MutexD2Ev
                0x00002248        0xe src\Cpl\System\FreeRTOS\library.a(Mutex.o)
                0x00002248                Cpl::System::Mutex::~Mutex()
                0x00002248                Cpl::System::Mutex::~Mutex()
 .text._ZN3Cpl6System5Mutex4lockEv
                0x00002256       0x1a src\Cpl\System\FreeRTOS\library.a(Mutex.o)
                0x00002256                Cpl::System::Mutex::lock()
 .text._ZN3Cpl6System5Mutex6unlockEv
                0x00002270       0x16 src\Cpl\System\FreeRTOS\library.a(Mutex.o)
                0x00002270                Cpl::System::Mutex::unlock()
 .text._ZN3Cpl6System8Runnable10pleaseStopEv
                0x00002286        0x2 src\Cpl\System\FreeRTOS\library.a(Thread.o)
                0x00002286                Cpl::System::Runnable::pleaseStop()
 .text._ZN3Cpl6System8Runnable21setThreadOfExecution_EPNS0_6ThreadE
                0x00002288        0x2 src\Cpl\System\FreeRTOS\library.a(Thread.o)
                0x00002288                Cpl::System::Runnable::setThreadOfExecution_(Cpl::System::Thread*)
 .text._ZN3Cpl6System8FreeRTOS27MakeCurrentThreadACplThread6appRunEv
                0x0000228a        0x2 src\Cpl\System\FreeRTOS\library.a(Thread.o)
                0x0000228a                Cpl::System::FreeRTOS::MakeCurrentThreadACplThread::appRun()
 .text._ZN3Cpl6System8FreeRTOS6Thread5getIdEv
                0x0000228c        0x4 src\Cpl\System\FreeRTOS\library.a(Thread.o)
                0x0000228c                Cpl::System::FreeRTOS::Thread::getId()
 .text._ZN3Cpl6System8FreeRTOS6Thread9isRunningEv
                0x00002290        0x8 src\Cpl\System\FreeRTOS\library.a(Thread.o)
                0x00002290                Cpl::System::FreeRTOS::Thread::isRunning()
 .text._ZN3Cpl6System8FreeRTOS6Thread15getNativeHandleEv
                0x00002298        0x4 src\Cpl\System\FreeRTOS\library.a(Thread.o)
                0x00002298                Cpl::System::FreeRTOS::Thread::getNativeHandle()
 .text._ZN3Cpl6System8FreeRTOS6Thread11getRunnableEv
                0x0000229c        0x4 src\Cpl\System\FreeRTOS\library.a(Thread.o)
                0x0000229c                Cpl::System::FreeRTOS::Thread::getRunnable()
 .text._ZN3Cpl6System8FreeRTOS27MakeCurrentThreadACplThreadD2Ev
                0x000022a0        0x2 src\Cpl\System\FreeRTOS\library.a(Thread.o)
                0x000022a0                Cpl::System::FreeRTOS::MakeCurrentThreadACplThread::~MakeCurrentThreadACplThread()
                0x000022a0                Cpl::System::FreeRTOS::MakeCurrentThreadACplThread::~MakeCurrentThreadACplThread()
 .text._ZN3Cpl4Text7FStringILi16EED2Ev
                0x000022a2        0x2 src\Cpl\System\FreeRTOS\library.a(Thread.o)
                0x000022a2                Cpl::Text::FString<16>::~FString()
                0x000022a2                Cpl::Text::FString<16>::~FString()
 .text._ZN3Cpl6System8FreeRTOS27MakeCurrentThreadACplThreadD0Ev
                0x000022a4        0xc src\Cpl\System\FreeRTOS\library.a(Thread.o)
                0x000022a4                Cpl::System::FreeRTOS::MakeCurrentThreadACplThread::~MakeCurrentThreadACplThread()
 .text._ZN3Cpl4Text7FStringILi16EED0Ev
                0x000022b0        0xc src\Cpl\System\FreeRTOS\library.a(Thread.o)
                0x000022b0                Cpl::Text::FString<16>::~FString()
 .text._ZN3Cpl6System8FreeRTOS6Thread6signalEv
                0x000022bc       0x12 src\Cpl\System\FreeRTOS\library.a(Thread.o)
                0x000022bc                Cpl::System::FreeRTOS::Thread::signal()
 .text._ZN3Cpl6System8FreeRTOS6Thread9su_signalEv
                0x000022ce       0x16 src\Cpl\System\FreeRTOS\library.a(Thread.o)
                0x000022ce                Cpl::System::FreeRTOS::Thread::su_signal()
 .text._ZN3Cpl6System8FreeRTOS6ThreadD2Ev
                0x000022e4       0x38 src\Cpl\System\FreeRTOS\library.a(Thread.o)
                0x000022e4                Cpl::System::FreeRTOS::Thread::~Thread()
                0x000022e4                Cpl::System::FreeRTOS::Thread::~Thread()
 .text._ZN3Cpl6System8FreeRTOS6ThreadD0Ev
                0x0000231c       0x12 src\Cpl\System\FreeRTOS\library.a(Thread.o)
                0x0000231c                Cpl::System::FreeRTOS::Thread::~Thread()
 *fill*         0x0000232e        0x2 
 .text._ZL22addThreadToActiveList_RN3Cpl6System8FreeRTOS6ThreadE
                0x00002330       0x3c src\Cpl\System\FreeRTOS\library.a(Thread.o)
 .text._ZN3Cpl6System8FreeRTOS6Thread7getNameEv
                0x0000236c        0x6 src\Cpl\System\FreeRTOS\library.a(Thread.o)
                0x0000236c                Cpl::System::FreeRTOS::Thread::getName()
 *fill*         0x00002372        0x2 
 .text._ZN3Cpl6System8FreeRTOS6ThreadC2EPKcRNS0_8RunnableE
                0x00002374       0x50 src\Cpl\System\FreeRTOS\library.a(Thread.o)
                0x00002374                Cpl::System::FreeRTOS::Thread::Thread(char const*, Cpl::System::Runnable&)
                0x00002374                Cpl::System::FreeRTOS::Thread::Thread(char const*, Cpl::System::Runnable&)
 .text._ZN3Cpl6System8FreeRTOS6Thread30makeNativeMainThreadACplThreadEv
                0x000023c4       0x48 src\Cpl\System\FreeRTOS\library.a(Thread.o)
                0x000023c4                Cpl::System::FreeRTOS::Thread::makeNativeMainThreadACplThread()
 .text.startup._GLOBAL__sub_I__ZN3Cpl6System8FreeRTOS6Thread30makeNativeMainThreadACplThreadEv
                0x0000240c       0x24 src\Cpl\System\FreeRTOS\library.a(Thread.o)
 .text._ZN3Cpl4Text7FStringILi128EED2Ev
                0x00002430        0x2 src\Cpl\System\FreeRTOS\_fatalerror\library.a(FatalError.o)
                0x00002430                Cpl::Text::FString<128>::~FString()
                0x00002430                Cpl::Text::FString<128>::~FString()
 .text._ZN3Cpl4Text7FStringILi128EED0Ev
                0x00002432        0xc src\Cpl\System\FreeRTOS\_fatalerror\library.a(FatalError.o)
                0x00002432                Cpl::Text::FString<128>::~FString()
 *fill*         0x0000243e        0x2 
 .text._ZN3Cpl6System10FatalError4logfEPKcz
                0x00002440       0x4c src\Cpl\System\FreeRTOS\_fatalerror\library.a(FatalError.o)
                0x00002440                Cpl::System::FatalError::logf(char const*, ...)
 .text.startup._GLOBAL__sub_I__ZN3Cpl6System10FatalError3logEPKc
                0x0000248c       0x54 src\Cpl\System\FreeRTOS\_fatalerror\library.a(FatalError.o)
 .text._ZN3Cpl6System5Trace23getDefaultOutputStream_Ev
                0x000024e0        0xc src\Cpl\System\_trace\_arduino\library.a(TraceOutput.o)
                0x000024e0                Cpl::System::Trace::getDefaultOutputStream_()
 .text.startup._GLOBAL__sub_I__ZN3Cpl6System5Trace23getDefaultOutputStream_Ev
                0x000024ec       0x24 src\Cpl\System\_trace\_arduino\library.a(TraceOutput.o)
 .text.Bsp_Api_initialize
                0x00002510        0x8 src\Bsp\Adafruit\grand_central_m4\gcc\library.a(Api.o)
                0x00002510                Bsp_Api_initialize
 .text._Z28Bsp_beginArduinoSerialObjectmt
                0x00002518       0x10 src\Bsp\Adafruit\grand_central_m4\gcc\library.a(Api.o)
                0x00002518                Bsp_beginArduinoSerialObject(unsigned long, unsigned short)
 .text._Z10Bsp_Serialv
                0x00002528        0x8 src\Bsp\Adafruit\grand_central_m4\gcc\library.a(Api.o)
                0x00002528                Bsp_Serial()
 .text.startup._GLOBAL__sub_I_Bsp_Api_initialize
                0x00002530       0x40 src\Bsp\Adafruit\grand_central_m4\gcc\library.a(Api.o)
 .text.Dummy_Handler
                0x00002570        0x2 src\Bsp\Adafruit\grand_central_m4\gcc\library.a(cortex_handlers.o)
                0x00002570                EIC_5_Handler
                0x00002570                DebugMon_Handler
                0x00002570                EIC_13_Handler
                0x00002570                EVSYS_0_Handler
                0x00002570                TCC1_3_Handler
                0x00002570                DAC_3_Handler
                0x00002570                TRNG_Handler
                0x00002570                HardFault_Handler
                0x00002570                PDEC_2_Handler
                0x00002570                EIC_4_Handler
                0x00002570                AC_Handler
                0x00002570                SERCOM3_1_Handler
                0x00002570                TCC2_3_Handler
                0x00002570                SERCOM3_2_Handler
                0x00002570                NMI_Handler
                0x00002570                TC7_Handler
                0x00002570                ADC1_1_Handler
                0x00002570                EVSYS_3_Handler
                0x00002570                PDEC_0_Handler
                0x00002570                QSPI_Handler
                0x00002570                TCC0_0_Handler
                0x00002570                EIC_3_Handler
                0x00002570                TAL_0_Handler
                0x00002570                DAC_2_Handler
                0x00002570                RTC_Handler
                0x00002570                UsageFault_Handler
                0x00002570                SERCOM4_0_Handler
                0x00002570                EIC_10_Handler
                0x00002570                EIC_11_Handler
                0x00002570                EIC_9_Handler
                0x00002570                OSC32KCTRL_Handler
                0x00002570                TCC2_1_Handler
                0x00002570                SUPC_1_Handler
                0x00002570                TCC0_5_Handler
                0x00002570                TCC0_6_Handler
                0x00002570                SERCOM6_2_Handler
                0x00002570                EVSYS_1_Handler
                0x00002570                TCC1_4_Handler
                0x00002570                TC6_Handler
                0x00002570                DMAC_0_Handler
                0x00002570                WDT_Handler
                0x00002570                EIC_8_Handler
                0x00002570                EIC_15_Handler
                0x00002570                SERCOM6_0_Handler
                0x00002570                SERCOM5_0_Handler
                0x00002570                TC4_Handler
                0x00002570                TC1_Handler
                0x00002570                OSCCTRL_4_Handler
                0x00002570                SERCOM4_3_Handler
                0x00002570                EIC_12_Handler
                0x00002570                DMAC_4_Handler
                0x00002570                TCC4_2_Handler
                0x00002570                PAC_Handler
                0x00002570                TCC1_0_Handler
                0x00002570                OSCCTRL_0_Handler
                0x00002570                EIC_0_Handler
                0x00002570                OSCCTRL_3_Handler
                0x00002570                SERCOM4_1_Handler
                0x00002570                TC3_Handler
                0x00002570                Dummy_Handler
                0x00002570                TCC3_0_Handler
                0x00002570                TCC2_2_Handler
                0x00002570                SERCOM5_1_Handler
                0x00002570                TCC1_1_Handler
                0x00002570                DMAC_2_Handler
                0x00002570                ADC0_0_Handler
                0x00002570                OSCCTRL_2_Handler
                0x00002570                ADC1_0_Handler
                0x00002570                TCC1_2_Handler
                0x00002570                SERCOM7_1_Handler
                0x00002570                PM_Handler
                0x00002570                SERCOM6_3_Handler
                0x00002570                SERCOM2_3_Handler
                0x00002570                DAC_4_Handler
                0x00002570                TCC3_2_Handler
                0x00002570                SERCOM7_0_Handler
                0x00002570                TCC0_2_Handler
                0x00002570                DMAC_1_Handler
                0x00002570                TCC4_0_Handler
                0x00002570                SERCOM7_3_Handler
                0x00002570                SDHC1_Handler
                0x00002570                SERCOM7_2_Handler
                0x00002570                TCC2_0_Handler
                0x00002570                PDEC_1_Handler
                0x00002570                MemManage_Handler
                0x00002570                TCC4_1_Handler
                0x00002570                SERCOM5_3_Handler
                0x00002570                SERCOM6_1_Handler
                0x00002570                SDHC0_Handler
                0x00002570                SERCOM1_1_Handler
                0x00002570                I2S_Handler
                0x00002570                EIC_2_Handler
                0x00002570                PCC_Handler
                0x00002570                DAC_0_Handler
                0x00002570                TCC0_1_Handler
                0x00002570                SERCOM1_3_Handler
                0x00002570                EIC_6_Handler
                0x00002570                OSCCTRL_1_Handler
                0x00002570                SERCOM1_0_Handler
                0x00002570                PUKCC_Handler
                0x00002570                SERCOM2_1_Handler
                0x00002570                SERCOM1_2_Handler
                0x00002570                SERCOM3_0_Handler
                0x00002570                EIC_1_Handler
                0x00002570                SERCOM4_2_Handler
                0x00002570                EVSYS_4_Handler
                0x00002570                EIC_7_Handler
                0x00002570                NVMCTRL_1_Handler
                0x00002570                SERCOM5_2_Handler
                0x00002570                SERCOM3_3_Handler
                0x00002570                ADC0_1_Handler
                0x00002570                SERCOM2_2_Handler
                0x00002570                TCC3_1_Handler
                0x00002570                EIC_14_Handler
                0x00002570                DAC_1_Handler
                0x00002570                NVMCTRL_0_Handler
                0x00002570                TAL_1_Handler
                0x00002570                MCLK_Handler
                0x00002570                EVSYS_2_Handler
                0x00002570                SUPC_0_Handler
                0x00002570                BusFault_Handler
                0x00002570                FREQM_Handler
                0x00002570                TC0_Handler
                0x00002570                TCC0_3_Handler
                0x00002570                DMAC_3_Handler
                0x00002570                TCC0_4_Handler
                0x00002570                RAMECC_Handler
                0x00002570                TC5_Handler
                0x00002570                SERCOM2_0_Handler
                0x00002570                AES_Handler
                0x00002570                ICM_Handler
 *fill*         0x00002572        0x2 
 .text.USB_0_Handler
                0x00002574       0x10 src\Bsp\Adafruit\grand_central_m4\gcc\library.a(cortex_handlers.o)
                0x00002574                USB_0_Handler
 .text.Reset_Handler
                0x00002584       0x80 src\Bsp\Adafruit\grand_central_m4\gcc\library.a(cortex_handlers.o)
                0x00002584                Reset_Handler
 .text.MySysTick_Handler
                0x00002604        0xe src\Bsp\Adafruit\grand_central_m4\gcc\library.a(cortex_handlers.o)
                0x00002604                MySysTick_Handler
 .text.USB_1_Handler
                0x00002612        0x4 src\Bsp\Adafruit\grand_central_m4\gcc\library.a(cortex_handlers.o)
                0x00002612                USB_1_Handler
 .text.USB_2_Handler
                0x00002616        0x4 src\Bsp\Adafruit\grand_central_m4\gcc\library.a(cortex_handlers.o)
                0x00002616                USB_2_Handler
 .text.USB_3_Handler
                0x0000261a        0x4 src\Bsp\Adafruit\grand_central_m4\gcc\library.a(cortex_handlers.o)
                0x0000261a                USB_3_Handler
 *fill*         0x0000261e        0x2 
 .text.USB_SetHandler
                0x00002620        0xc src\Bsp\Adafruit\grand_central_m4\gcc\library.a(cortex_handlers.o)
                0x00002620                USB_SetHandler
 .text._ZL9main_taskPv
                0x0000262c        0xc src\Bsp\Adafruit\grand_central_m4\gcc\library.a(main.o)
 .text._Z11initVariantv
                0x00002638        0x2 src\Bsp\Adafruit\grand_central_m4\gcc\library.a(main.o)
                0x00002638                initVariant()
 *fill*         0x0000263a        0x2 
 .text.startup.main
                0x0000263c       0x4c src\Bsp\Adafruit\grand_central_m4\gcc\library.a(main.o)
                0x0000263c                main
 .text._ZNSt8ios_base4InitC2Ev
                0x00002688        0x2 src\Bsp\Adafruit\grand_central_m4\gcc\library.a(main.o)
                0x00002688                std::ios_base::Init::Init()
                0x00002688                std::ios_base::Init::Init()
 .text._ZNSt8ios_base4InitD2Ev
                0x0000268a        0x2 src\Bsp\Adafruit\grand_central_m4\gcc\library.a(main.o)
                0x0000268a                std::ios_base::Init::~Init()
                0x0000268a                std::ios_base::Init::~Init()
 .text.init     0x0000268c       0xe0 src\Bsp\Adafruit\grand_central_m4\gcc\library.a(wiring.o)
                0x0000268c                init
 .text.prvIsQueueEmpty
                0x0000276c       0x16 src\Bsp\Adafruit\grand_central_m4\gcc\FreeRTOS\source\library.a(queue.o)
 .text.prvCopyDataToQueue
                0x00002782       0x6a src\Bsp\Adafruit\grand_central_m4\gcc\FreeRTOS\source\library.a(queue.o)
 .text.prvUnlockQueue
                0x000027ec       0x70 src\Bsp\Adafruit\grand_central_m4\gcc\FreeRTOS\source\library.a(queue.o)
 .text.xQueueGenericReset
                0x0000285c       0x80 src\Bsp\Adafruit\grand_central_m4\gcc\FreeRTOS\source\library.a(queue.o)
                0x0000285c                xQueueGenericReset
 .text.xQueueGenericSend
                0x000028dc      0x164 src\Bsp\Adafruit\grand_central_m4\gcc\FreeRTOS\source\library.a(queue.o)
                0x000028dc                xQueueGenericSend
 .text.xQueueCreateMutex
                0x00002a40       0x36 src\Bsp\Adafruit\grand_central_m4\gcc\FreeRTOS\source\library.a(queue.o)
                0x00002a40                xQueueCreateMutex
 .text.xQueueGiveMutexRecursive
                0x00002a76       0x3c src\Bsp\Adafruit\grand_central_m4\gcc\FreeRTOS\source\library.a(queue.o)
                0x00002a76                xQueueGiveMutexRecursive
 *fill*         0x00002ab2        0x2 
 .text.xQueueSemaphoreTake
                0x00002ab4      0x188 src\Bsp\Adafruit\grand_central_m4\gcc\FreeRTOS\source\library.a(queue.o)
                0x00002ab4                xQueueSemaphoreTake
 .text.xQueueTakeMutexRecursive
                0x00002c3c       0x44 src\Bsp\Adafruit\grand_central_m4\gcc\FreeRTOS\source\library.a(queue.o)
                0x00002c3c                xQueueTakeMutexRecursive
 .text.vQueueDelete
                0x00002c80       0x18 src\Bsp\Adafruit\grand_central_m4\gcc\FreeRTOS\source\library.a(queue.o)
                0x00002c80                vQueueDelete
 .text.prvResetNextTaskUnblockTime
                0x00002c98       0x24 src\Bsp\Adafruit\grand_central_m4\gcc\FreeRTOS\source\library.a(tasks.o)
 .text.prvAddCurrentTaskToDelayedList
                0x00002cbc       0x74 src\Bsp\Adafruit\grand_central_m4\gcc\FreeRTOS\source\library.a(tasks.o)
 .text.prvIdleTask
                0x00002d30       0x6c src\Bsp\Adafruit\grand_central_m4\gcc\FreeRTOS\source\library.a(tasks.o)
 .text.xTaskCreate
                0x00002d9c      0x1c8 src\Bsp\Adafruit\grand_central_m4\gcc\FreeRTOS\source\library.a(tasks.o)
                0x00002d9c                xTaskCreate
 .text.vTaskDelete
                0x00002f64       0xb4 src\Bsp\Adafruit\grand_central_m4\gcc\FreeRTOS\source\library.a(tasks.o)
                0x00002f64                vTaskDelete
 .text.vTaskStartScheduler
                0x00003018       0x78 src\Bsp\Adafruit\grand_central_m4\gcc\FreeRTOS\source\library.a(tasks.o)
                0x00003018                vTaskStartScheduler
 .text.vTaskEndScheduler
                0x00003090       0x20 src\Bsp\Adafruit\grand_central_m4\gcc\FreeRTOS\source\library.a(tasks.o)
                0x00003090                vTaskEndScheduler
 .text.vTaskSuspendAll
                0x000030b0       0x10 src\Bsp\Adafruit\grand_central_m4\gcc\FreeRTOS\source\library.a(tasks.o)
                0x000030b0                vTaskSuspendAll
 .text.xTaskIncrementTick
                0x000030c0      0x12c src\Bsp\Adafruit\grand_central_m4\gcc\FreeRTOS\source\library.a(tasks.o)
                0x000030c0                xTaskIncrementTick
 .text.xTaskResumeAll
                0x000031ec       0xe8 src\Bsp\Adafruit\grand_central_m4\gcc\FreeRTOS\source\library.a(tasks.o)
                0x000031ec                xTaskResumeAll
 .text.vTaskDelay
                0x000032d4       0x48 src\Bsp\Adafruit\grand_central_m4\gcc\FreeRTOS\source\library.a(tasks.o)
                0x000032d4                vTaskDelay
 .text.vTaskSetApplicationTaskTag
                0x0000331c       0x20 src\Bsp\Adafruit\grand_central_m4\gcc\FreeRTOS\source\library.a(tasks.o)
                0x0000331c                vTaskSetApplicationTaskTag
 .text.vTaskSwitchContext
                0x0000333c       0x78 src\Bsp\Adafruit\grand_central_m4\gcc\FreeRTOS\source\library.a(tasks.o)
                0x0000333c                vTaskSwitchContext
 .text.vTaskPlaceOnEventList
                0x000033b4       0x34 src\Bsp\Adafruit\grand_central_m4\gcc\FreeRTOS\source\library.a(tasks.o)
                0x000033b4                vTaskPlaceOnEventList
 .text.xTaskRemoveFromEventList
                0x000033e8       0x88 src\Bsp\Adafruit\grand_central_m4\gcc\FreeRTOS\source\library.a(tasks.o)
                0x000033e8                xTaskRemoveFromEventList
 .text.vTaskInternalSetTimeOutState
                0x00003470       0x18 src\Bsp\Adafruit\grand_central_m4\gcc\FreeRTOS\source\library.a(tasks.o)
                0x00003470                vTaskInternalSetTimeOutState
 .text.xTaskCheckForTimeOut
                0x00003488       0x78 src\Bsp\Adafruit\grand_central_m4\gcc\FreeRTOS\source\library.a(tasks.o)
                0x00003488                xTaskCheckForTimeOut
 .text.vTaskMissedYield
                0x00003500        0xc src\Bsp\Adafruit\grand_central_m4\gcc\FreeRTOS\source\library.a(tasks.o)
                0x00003500                vTaskMissedYield
 .text.xTaskGetCurrentTaskHandle
                0x0000350c        0xc src\Bsp\Adafruit\grand_central_m4\gcc\FreeRTOS\source\library.a(tasks.o)
                0x0000350c                xTaskGetCurrentTaskHandle
 .text.xTaskGetSchedulerState
                0x00003518       0x20 src\Bsp\Adafruit\grand_central_m4\gcc\FreeRTOS\source\library.a(tasks.o)
                0x00003518                xTaskGetSchedulerState
 .text.xTaskPriorityInherit
                0x00003538       0x88 src\Bsp\Adafruit\grand_central_m4\gcc\FreeRTOS\source\library.a(tasks.o)
                0x00003538                xTaskPriorityInherit
 .text.xTaskPriorityDisinherit
                0x000035c0       0x88 src\Bsp\Adafruit\grand_central_m4\gcc\FreeRTOS\source\library.a(tasks.o)
                0x000035c0                xTaskPriorityDisinherit
 .text.vTaskPriorityDisinheritAfterTimeout
                0x00003648       0xa4 src\Bsp\Adafruit\grand_central_m4\gcc\FreeRTOS\source\library.a(tasks.o)
                0x00003648                vTaskPriorityDisinheritAfterTimeout
 .text.pvTaskIncrementMutexHeldCount
                0x000036ec       0x18 src\Bsp\Adafruit\grand_central_m4\gcc\FreeRTOS\source\library.a(tasks.o)
                0x000036ec                pvTaskIncrementMutexHeldCount
 .text.xTaskGenericNotify
                0x00003704       0xd0 src\Bsp\Adafruit\grand_central_m4\gcc\FreeRTOS\source\library.a(tasks.o)
                0x00003704                xTaskGenericNotify
 .text.vTaskNotifyGiveFromISR
                0x000037d4       0xc8 src\Bsp\Adafruit\grand_central_m4\gcc\FreeRTOS\source\library.a(tasks.o)
                0x000037d4                vTaskNotifyGiveFromISR
 .text.vListInitialise
                0x0000389c       0x16 src\Bsp\Adafruit\grand_central_m4\gcc\FreeRTOS\source\library.a(list.o)
                0x0000389c                vListInitialise
 .text.vListInitialiseItem
                0x000038b2        0x6 src\Bsp\Adafruit\grand_central_m4\gcc\FreeRTOS\source\library.a(list.o)
                0x000038b2                vListInitialiseItem
 .text.vListInsertEnd
                0x000038b8       0x18 src\Bsp\Adafruit\grand_central_m4\gcc\FreeRTOS\source\library.a(list.o)
                0x000038b8                vListInsertEnd
 .text.vListInsert
                0x000038d0       0x2e src\Bsp\Adafruit\grand_central_m4\gcc\FreeRTOS\source\library.a(list.o)
                0x000038d0                vListInsert
 .text.uxListRemove
                0x000038fe       0x20 src\Bsp\Adafruit\grand_central_m4\gcc\FreeRTOS\source\library.a(list.o)
                0x000038fe                uxListRemove
 *fill*         0x0000391e        0x2 
 .text.prvPortStartFirstTask
                0x00003920       0x28 src\Bsp\Adafruit\grand_central_m4\gcc\FreeRTOS\source\portable\GCC\ARM_CM4F\library.a(port.o)
 .text.vPortEnableVFP
                0x00003948       0x14 src\Bsp\Adafruit\grand_central_m4\gcc\FreeRTOS\source\portable\GCC\ARM_CM4F\library.a(port.o)
 .text.prvTaskExitError
                0x0000395c       0x40 src\Bsp\Adafruit\grand_central_m4\gcc\FreeRTOS\source\portable\GCC\ARM_CM4F\library.a(port.o)
 .text.pxPortInitialiseStack
                0x0000399c       0x2c src\Bsp\Adafruit\grand_central_m4\gcc\FreeRTOS\source\portable\GCC\ARM_CM4F\library.a(port.o)
                0x0000399c                pxPortInitialiseStack
 *fill*         0x000039c8        0x8 
 .text.SVC_Handler
                0x000039d0       0x24 src\Bsp\Adafruit\grand_central_m4\gcc\FreeRTOS\source\portable\GCC\ARM_CM4F\library.a(port.o)
                0x000039d0                SVC_Handler
 .text.vPortEndScheduler
                0x000039f4       0x24 src\Bsp\Adafruit\grand_central_m4\gcc\FreeRTOS\source\portable\GCC\ARM_CM4F\library.a(port.o)
                0x000039f4                vPortEndScheduler
 .text.vPortEnterCritical
                0x00003a18       0x44 src\Bsp\Adafruit\grand_central_m4\gcc\FreeRTOS\source\portable\GCC\ARM_CM4F\library.a(port.o)
                0x00003a18                vPortEnterCritical
 .text.vPortExitCritical
                0x00003a5c       0x28 src\Bsp\Adafruit\grand_central_m4\gcc\FreeRTOS\source\portable\GCC\ARM_CM4F\library.a(port.o)
                0x00003a5c                vPortExitCritical
 *fill*         0x00003a84        0xc 
 .text.PendSV_Handler
                0x00003a90       0x64 src\Bsp\Adafruit\grand_central_m4\gcc\FreeRTOS\source\portable\GCC\ARM_CM4F\library.a(port.o)
                0x00003a90                PendSV_Handler
 .text.SysTick_Handler
                0x00003af4       0x2c src\Bsp\Adafruit\grand_central_m4\gcc\FreeRTOS\source\portable\GCC\ARM_CM4F\library.a(port.o)
                0x00003af4                SysTick_Handler
 .text.vPortSetupTimerInterrupt
                0x00003b20       0x28 src\Bsp\Adafruit\grand_central_m4\gcc\FreeRTOS\source\portable\GCC\ARM_CM4F\library.a(port.o)
                0x00003b20                vPortSetupTimerInterrupt
 .text.xPortStartScheduler
                0x00003b48      0x108 src\Bsp\Adafruit\grand_central_m4\gcc\FreeRTOS\source\portable\GCC\ARM_CM4F\library.a(port.o)
                0x00003b48                xPortStartScheduler
 .text.vPortValidateInterruptPriority
                0x00003c50       0x5c src\Bsp\Adafruit\grand_central_m4\gcc\FreeRTOS\source\portable\GCC\ARM_CM4F\library.a(port.o)
                0x00003c50                vPortValidateInterruptPriority
 .text.pvPortMalloc
                0x00003cac       0x50 src\Bsp\Adafruit\grand_central_m4\gcc\FreeRTOS\source\portable\MemMang\library.a(heap_1.o)
                0x00003cac                pvPortMalloc
 .text.vPortFree
                0x00003cfc       0x16 src\Bsp\Adafruit\grand_central_m4\gcc\FreeRTOS\source\portable\MemMang\library.a(heap_1.o)
                0x00003cfc                vPortFree
 .text._ZN7Serial_17availableForWriteEv
                0x00003d12        0x4 arduino\hardware\samd\1.6.0\cores\arduino\USB\library.a(CDC.o)
                0x00003d12                Serial_::availableForWrite()
 .text._ZN7Serial_5writeEh
                0x00003d16       0x18 arduino\hardware\samd\1.6.0\cores\arduino\USB\library.a(CDC.o)
                0x00003d16                Serial_::write(unsigned char)
 .text._ZN7Serial_9availableEv
                0x00003d2e        0x8 arduino\hardware\samd\1.6.0\cores\arduino\USB\library.a(CDC.o)
                0x00003d2e                Serial_::available()
 .text._ZN7Serial_5flushEv
                0x00003d36        0x8 arduino\hardware\samd\1.6.0\cores\arduino\USB\library.a(CDC.o)
                0x00003d36                Serial_::flush()
 *fill*         0x00003d3e        0x2 
 .text._ZN7Serial_5writeEPKhj
                0x00003d40       0x28 arduino\hardware\samd\1.6.0\cores\arduino\USB\library.a(CDC.o)
                0x00003d40                Serial_::write(unsigned char const*, unsigned int)
 .text._ZN7Serial_4peekEv
                0x00003d68       0x1c arduino\hardware\samd\1.6.0\cores\arduino\USB\library.a(CDC.o)
                0x00003d68                Serial_::peek()
 .text._ZN7Serial_4readEv
                0x00003d84       0x20 arduino\hardware\samd\1.6.0\cores\arduino\USB\library.a(CDC.o)
                0x00003d84                Serial_::read()
 .text._Z16CDC_GetInterfacePh
                0x00003da4       0x18 arduino\hardware\samd\1.6.0\cores\arduino\USB\library.a(CDC.o)
                0x00003da4                CDC_GetInterface(unsigned char*)
 .text._Z9CDC_SetupR8USBSetup
                0x00003dbc       0x74 arduino\hardware\samd\1.6.0\cores\arduino\USB\library.a(CDC.o)
                0x00003dbc                CDC_Setup(USBSetup&)
 .text._ZN7Serial_5beginEmh
                0x00003e30        0x2 arduino\hardware\samd\1.6.0\cores\arduino\USB\library.a(CDC.o)
                0x00003e30                Serial_::begin(unsigned long, unsigned char)
 *fill*         0x00003e32        0x2 
 .text._ZN7Serial_3endEv
                0x00003e34       0x10 arduino\hardware\samd\1.6.0\cores\arduino\USB\library.a(CDC.o)
                0x00003e34                Serial_::end()
 .text.startup._GLOBAL__sub_I__Z17_CDC_GetInterfacev
                0x00003e44       0x24 arduino\hardware\samd\1.6.0\cores\arduino\USB\library.a(CDC.o)
 .text._ZN26DoubleBufferedEPOutHandler4initEv
                0x00003e68        0x2 arduino\hardware\samd\1.6.0\cores\arduino\USB\library.a(USBCore.o)
                0x00003e68                DoubleBufferedEPOutHandler::init()
 .text._ZL5utox8mPc
                0x00003e6a       0x22 arduino\hardware\samd\1.6.0\cores\arduino\USB\library.a(USBCore.o)
 .text._ZN26DoubleBufferedEPOutHandlerD2Ev
                0x00003e8c       0x14 arduino\hardware\samd\1.6.0\cores\arduino\USB\library.a(USBCore.o)
                0x00003e8c                DoubleBufferedEPOutHandler::~DoubleBufferedEPOutHandler()
                0x00003e8c                DoubleBufferedEPOutHandler::~DoubleBufferedEPOutHandler()
 .text._ZN26DoubleBufferedEPOutHandlerD0Ev
                0x00003ea0       0x12 arduino\hardware\samd\1.6.0\cores\arduino\USB\library.a(USBCore.o)
                0x00003ea0                DoubleBufferedEPOutHandler::~DoubleBufferedEPOutHandler()
 *fill*         0x00003eb2        0x2 
 .text._ZN14USBDeviceClass6initEPEmm.part.0
                0x00003eb4       0xc8 arduino\hardware\samd\1.6.0\cores\arduino\USB\library.a(USBCore.o)
 .text._ZN7__GuardC2Ev
                0x00003f7c        0xe arduino\hardware\samd\1.6.0\cores\arduino\USB\library.a(USBCore.o)
                0x00003f7c                __Guard::__Guard()
                0x00003f7c                __Guard::__Guard()
 .text._ZN7__GuardD2Ev
                0x00003f8a        0xc arduino\hardware\samd\1.6.0\cores\arduino\USB\library.a(USBCore.o)
                0x00003f8a                __Guard::~__Guard()
                0x00003f8a                __Guard::~__Guard()
 .text._ZNK26DoubleBufferedEPOutHandler9availableEv
                0x00003f96       0x5a arduino\hardware\samd\1.6.0\cores\arduino\USB\library.a(USBCore.o)
                0x00003f96                DoubleBufferedEPOutHandler::available() const
 .text._ZN26DoubleBufferedEPOutHandler7releaseEv
                0x00003ff0       0x46 arduino\hardware\samd\1.6.0\cores\arduino\USB\library.a(USBCore.o)
                0x00003ff0                DoubleBufferedEPOutHandler::release()
 .text._ZN26DoubleBufferedEPOutHandler4recvEPvm
                0x00004036      0x110 arduino\hardware\samd\1.6.0\cores\arduino\USB\library.a(USBCore.o)
                0x00004036                DoubleBufferedEPOutHandler::recv(void*, unsigned long)
 .text._ZN26DoubleBufferedEPOutHandler14handleEndpointEv
                0x00004146       0xb4 arduino\hardware\samd\1.6.0\cores\arduino\USB\library.a(USBCore.o)
                0x00004146                DoubleBufferedEPOutHandler::handleEndpoint()
 .text._ZN14USBDeviceClass14SendInterfacesEPm
                0x000041fa       0x32 arduino\hardware\samd\1.6.0\cores\arduino\USB\library.a(USBCore.o)
                0x000041fa                USBDeviceClass::SendInterfaces(unsigned long*)
 .text._ZN14USBDeviceClass14handleEndpointEh
                0x0000422c       0x3c arduino\hardware\samd\1.6.0\cores\arduino\USB\library.a(USBCore.o)
                0x0000422c                USBDeviceClass::handleEndpoint(unsigned char)
 .text._ZN14USBDeviceClass4initEv
                0x00004268      0x120 arduino\hardware\samd\1.6.0\cores\arduino\USB\library.a(USBCore.o)
                0x00004268                USBDeviceClass::init()
 .text._ZN14USBDeviceClass6attachEv
                0x00004388       0x30 arduino\hardware\samd\1.6.0\cores\arduino\USB\library.a(USBCore.o)
                0x00004388                USBDeviceClass::attach()
 .text._ZN14USBDeviceClass10setAddressEm
                0x000043b8       0x40 arduino\hardware\samd\1.6.0\cores\arduino\USB\library.a(USBCore.o)
                0x000043b8                USBDeviceClass::setAddress(unsigned long)
 .text._ZN14USBDeviceClass25handleClassInterfaceSetupER8USBSetup
                0x000043f8       0x44 arduino\hardware\samd\1.6.0\cores\arduino\USB\library.a(USBCore.o)
                0x000043f8                USBDeviceClass::handleClassInterfaceSetup(USBSetup&)
 .text._ZN14USBDeviceClass6initEPEmm
                0x0000443c       0xdc arduino\hardware\samd\1.6.0\cores\arduino\USB\library.a(USBCore.o)
                0x0000443c                USBDeviceClass::initEP(unsigned long, unsigned long)
 .text._ZN14USBDeviceClass13initEndpointsEv
                0x00004518       0x20 arduino\hardware\samd\1.6.0\cores\arduino\USB\library.a(USBCore.o)
                0x00004518                USBDeviceClass::initEndpoints()
 .text._ZN14USBDeviceClass9availableEm
                0x00004538       0x28 arduino\hardware\samd\1.6.0\cores\arduino\USB\library.a(USBCore.o)
                0x00004538                USBDeviceClass::available(unsigned long)
 .text._ZN14USBDeviceClass5flushEm
                0x00004560       0x28 arduino\hardware\samd\1.6.0\cores\arduino\USB\library.a(USBCore.o)
                0x00004560                USBDeviceClass::flush(unsigned long)
 .text._ZN14USBDeviceClass14armRecvCtrlOUTEm
                0x00004588       0x58 arduino\hardware\samd\1.6.0\cores\arduino\USB\library.a(USBCore.o)
                0x00004588                USBDeviceClass::armRecvCtrlOUT(unsigned long)
 .text._ZN14USBDeviceClass11recvControlEPvm
                0x000045e0       0x40 arduino\hardware\samd\1.6.0\cores\arduino\USB\library.a(USBCore.o)
                0x000045e0                USBDeviceClass::recvControl(void*, unsigned long)
 .text._ZN14USBDeviceClass7armRecvEm
                0x00004620       0x38 arduino\hardware\samd\1.6.0\cores\arduino\USB\library.a(USBCore.o)
                0x00004620                USBDeviceClass::armRecv(unsigned long)
 .text._ZN14USBDeviceClass4recvEmPvm
                0x00004658       0xd8 arduino\hardware\samd\1.6.0\cores\arduino\USB\library.a(USBCore.o)
                0x00004658                USBDeviceClass::recv(unsigned long, void*, unsigned long)
 .text._ZN14USBDeviceClass4recvEm
                0x00004730       0x1e arduino\hardware\samd\1.6.0\cores\arduino\USB\library.a(USBCore.o)
                0x00004730                USBDeviceClass::recv(unsigned long)
 *fill*         0x0000474e        0x2 
 .text._ZN14USBDeviceClass4sendEmPKvm
                0x00004750      0x104 arduino\hardware\samd\1.6.0\cores\arduino\USB\library.a(USBCore.o)
                0x00004750                USBDeviceClass::send(unsigned long, void const*, unsigned long)
 .text._ZN14USBDeviceClass7armSendEmPKvm
                0x00004854       0x40 arduino\hardware\samd\1.6.0\cores\arduino\USB\library.a(USBCore.o)
                0x00004854                USBDeviceClass::armSend(unsigned long, void const*, unsigned long)
 .text._ZN14USBDeviceClass11sendControlEPKvm
                0x00004894       0x58 arduino\hardware\samd\1.6.0\cores\arduino\USB\library.a(USBCore.o)
                0x00004894                USBDeviceClass::sendControl(void const*, unsigned long)
 .text._ZN14USBDeviceClass20sendStringDescriptorEPKhh
                0x000048ec       0x70 arduino\hardware\samd\1.6.0\cores\arduino\USB\library.a(USBCore.o)
                0x000048ec                USBDeviceClass::sendStringDescriptor(unsigned char const*, unsigned char)
 .text._ZN14USBDeviceClass17sendConfigurationEm
                0x0000495c       0x98 arduino\hardware\samd\1.6.0\cores\arduino\USB\library.a(USBCore.o)
                0x0000495c                USBDeviceClass::sendConfiguration(unsigned long)
 .text._ZN14USBDeviceClass14sendDescriptorER8USBSetup
                0x000049f4       0xe8 arduino\hardware\samd\1.6.0\cores\arduino\USB\library.a(USBCore.o)
                0x000049f4                USBDeviceClass::sendDescriptor(USBSetup&)
 .text._ZN14USBDeviceClass19handleStandardSetupER8USBSetup
                0x00004adc      0x114 arduino\hardware\samd\1.6.0\cores\arduino\USB\library.a(USBCore.o)
                0x00004adc                USBDeviceClass::handleStandardSetup(USBSetup&)
 .text._ZN14USBDeviceClass10ISRHandlerEv
                0x00004bf0      0x158 arduino\hardware\samd\1.6.0\cores\arduino\USB\library.a(USBCore.o)
                0x00004bf0                USBDeviceClass::ISRHandler()
 .text.UDD_Handler
                0x00004d48        0xc arduino\hardware\samd\1.6.0\cores\arduino\USB\library.a(USBCore.o)
                0x00004d48                UDD_Handler
 .text.startup._GLOBAL__sub_I_usbd
                0x00004d54       0x10 arduino\hardware\samd\1.6.0\cores\arduino\USB\library.a(USBCore.o)
 .text._ZN13PluggableUSB_12getInterfaceEPh
                0x00004d64       0x26 arduino\hardware\samd\1.6.0\cores\arduino\USB\library.a(PluggableUSB.o)
                0x00004d64                PluggableUSB_::getInterface(unsigned char*)
 .text._ZN13PluggableUSB_13getDescriptorER8USBSetup
                0x00004d8a       0x1c arduino\hardware\samd\1.6.0\cores\arduino\USB\library.a(PluggableUSB.o)
                0x00004d8a                PluggableUSB_::getDescriptor(USBSetup&)
 .text._ZN13PluggableUSB_5setupER8USBSetup
                0x00004da6       0x1c arduino\hardware\samd\1.6.0\cores\arduino\USB\library.a(PluggableUSB.o)
                0x00004da6                PluggableUSB_::setup(USBSetup&)
 *fill*         0x00004dc2        0x2 
 .text._Z12PluggableUSBv
                0x00004dc4       0x24 arduino\hardware\samd\1.6.0\cores\arduino\USB\library.a(PluggableUSB.o)
                0x00004dc4                PluggableUSB()
 .text._ZN20USBDevice_SAMD21G18x5resetEv
                0x00004de8       0x2e arduino\hardware\samd\1.6.0\cores\arduino\USB\library.a(SAMD21_USBDevice.o)
                0x00004de8                USBDevice_SAMD21G18x::reset()
 *fill*         0x00004e16        0x2 
 .text._ZN20USBDevice_SAMD21G18x9calibrateEv
                0x00004e18       0x44 arduino\hardware\samd\1.6.0\cores\arduino\USB\library.a(SAMD21_USBDevice.o)
                0x00004e18                USBDevice_SAMD21G18x::calibrate()
 .text.__cxa_pure_virtual
                0x00004e5c        0x2 arduino\hardware\samd\1.6.0\cores\arduino\library.a(abi.o)
                0x00004e5c                __cxa_pure_virtual
 *fill*         0x00004e5e        0x2 
 .text.millis   0x00004e60        0xc arduino\hardware\samd\1.6.0\cores\arduino\library.a(delay.o)
                0x00004e60                millis
 .text.micros   0x00004e6c       0x58 arduino\hardware\samd\1.6.0\cores\arduino\library.a(delay.o)
                0x00004e6c                micros
 .text.delayMicroseconds
                0x00004ec4       0x1c arduino\hardware\samd\1.6.0\cores\arduino\library.a(delay.o)
                0x00004ec4                delayMicroseconds
 .text.delay    0x00004ee0       0x26 arduino\hardware\samd\1.6.0\cores\arduino\library.a(delay.o)
                0x00004ee0                delay
 *fill*         0x00004f06        0x2 
 .text.SysTick_DefaultHandler
                0x00004f08       0x10 arduino\hardware\samd\1.6.0\cores\arduino\library.a(delay.o)
                0x00004f08                SysTick_DefaultHandler
 .text.__empty  0x00004f18        0x2 arduino\hardware\samd\1.6.0\cores\arduino\library.a(hooks.o)
                0x00004f18                yield
 .text._Znwj    0x00004f1a        0x4 arduino\hardware\samd\1.6.0\cores\arduino\library.a(new.o)
                0x00004f1a                operator new(unsigned int)
 .text._ZdlPv   0x00004f1e        0x4 arduino\hardware\samd\1.6.0\cores\arduino\library.a(new.o)
                0x00004f1e                operator delete(void*)
 .text._ZN5Print5writeEPKhj
                0x00004f22       0x22 arduino\hardware\samd\1.6.0\cores\arduino\library.a(Print.o)
                0x00004f22                Print::write(unsigned char const*, unsigned int)
 .text._ZN5Print5writeEPKc
                0x00004f44       0x24 arduino\hardware\samd\1.6.0\cores\arduino\library.a(Print.o)
                0x00004f44                Print::write(char const*)
 .text._ZN5Print5printERK6String
                0x00004f68        0xa arduino\hardware\samd\1.6.0\cores\arduino\library.a(Print.o)
                0x00004f68                Print::print(String const&)
 .text._ZN5Print5printEPKc
                0x00004f72        0x8 arduino\hardware\samd\1.6.0\cores\arduino\library.a(Print.o)
                0x00004f72                Print::print(char const*)
 .text._ZN5Print5printEc
                0x00004f7a        0x6 arduino\hardware\samd\1.6.0\cores\arduino\library.a(Print.o)
                0x00004f7a                Print::print(char)
 .text._ZN5Print7printlnEv
                0x00004f80       0x10 arduino\hardware\samd\1.6.0\cores\arduino\library.a(Print.o)
                0x00004f80                Print::println()
 .text._ZN5Print7printlnERK6String
                0x00004f90       0x14 arduino\hardware\samd\1.6.0\cores\arduino\library.a(Print.o)
                0x00004f90                Print::println(String const&)
 .text._ZN5Print7printlnEPKc
                0x00004fa4       0x14 arduino\hardware\samd\1.6.0\cores\arduino\library.a(Print.o)
                0x00004fa4                Print::println(char const*)
 .text._ZN5Print11printNumberEmh
                0x00004fb8       0x3c arduino\hardware\samd\1.6.0\cores\arduino\library.a(Print.o)
                0x00004fb8                Print::printNumber(unsigned long, unsigned char)
 .text._ZN5Print5printEli
                0x00004ff4       0x42 arduino\hardware\samd\1.6.0\cores\arduino\library.a(Print.o)
                0x00004ff4                Print::print(long, int)
 .text._ZN5Print7printlnEii
                0x00005036       0x14 arduino\hardware\samd\1.6.0\cores\arduino\library.a(Print.o)
                0x00005036                Print::println(int, int)
 .text._ZN5Print5printEmi
                0x0000504a       0x1a arduino\hardware\samd\1.6.0\cores\arduino\library.a(Print.o)
                0x0000504a                Print::print(unsigned long, int)
 .text._ZN5Print7printlnEmi
                0x00005064       0x14 arduino\hardware\samd\1.6.0\cores\arduino\library.a(Print.o)
                0x00005064                Print::println(unsigned long, int)
 .text.initiateReset
                0x00005078        0xc arduino\hardware\samd\1.6.0\cores\arduino\library.a(Reset.o)
                0x00005078                initiateReset
 .text.cancelReset
                0x00005084       0x10 arduino\hardware\samd\1.6.0\cores\arduino\library.a(Reset.o)
                0x00005084                cancelReset
 .text.tickReset
                0x00005094       0x48 arduino\hardware\samd\1.6.0\cores\arduino\library.a(Reset.o)
                0x00005094                tickReset
 .text.SystemInit
                0x000050dc      0x1f8 arduino\hardware\samd\1.6.0\cores\arduino\library.a(startup.o)
                0x000050dc                SystemInit
 .text._ZN6Stream9timedReadEv
                0x000052d4       0x2e arduino\hardware\samd\1.6.0\cores\arduino\library.a(Stream.o)
                0x000052d4                Stream::timedRead()
 .text._ZN6Stream10setTimeoutEm
                0x00005302        0x4 arduino\hardware\samd\1.6.0\cores\arduino\library.a(Stream.o)
                0x00005302                Stream::setTimeout(unsigned long)
 *fill*         0x00005306        0x2 
 .text._ZN6Stream15readStringUntilEc
                0x00005308       0x30 arduino\hardware\samd\1.6.0\cores\arduino\library.a(Stream.o)
                0x00005308                Stream::readStringUntil(char)
 .text._ZN6Stream9findMultiEPNS_11MultiTargetEi
                0x00005338       0xa4 arduino\hardware\samd\1.6.0\cores\arduino\library.a(Stream.o)
                0x00005338                Stream::findMulti(Stream::MultiTarget*, int)
 .text._ZN6Stream4findEPc
                0x000053dc       0x2a arduino\hardware\samd\1.6.0\cores\arduino\library.a(Stream.o)
                0x000053dc                Stream::find(char*)
 *fill*         0x00005406        0x2 
 .text.analogReference
                0x00005408       0xc8 arduino\hardware\samd\1.6.0\cores\arduino\library.a(wiring_analog.o)
                0x00005408                analogReference
 .text.pinMode  0x000054d0       0x88 arduino\hardware\samd\1.6.0\cores\arduino\library.a(wiring_digital.o)
                0x000054d0                pinMode
 .text.digitalWrite
                0x00005558       0x54 arduino\hardware\samd\1.6.0\cores\arduino\library.a(wiring_digital.o)
                0x00005558                digitalWrite
 .text.pinPeripheral
                0x000055ac       0xb4 arduino\hardware\samd\1.6.0\cores\arduino\library.a(wiring_private.o)
                0x000055ac                pinPeripheral
 .text._ZN6StringD2Ev
                0x00005660        0xe arduino\hardware\samd\1.6.0\cores\arduino\library.a(WString.o)
                0x00005660                String::~String()
                0x00005660                String::~String()
 .text._ZN6String10invalidateEv
                0x0000566e       0x16 arduino\hardware\samd\1.6.0\cores\arduino\library.a(WString.o)
                0x0000566e                String::invalidate()
 .text._ZN6String12changeBufferEj
                0x00005684       0x18 arduino\hardware\samd\1.6.0\cores\arduino\library.a(WString.o)
                0x00005684                String::changeBuffer(unsigned int)
 .text._ZN6String7reserveEj
                0x0000569c       0x28 arduino\hardware\samd\1.6.0\cores\arduino\library.a(WString.o)
                0x0000569c                String::reserve(unsigned int)
 .text._ZN6String4copyEPKcj
                0x000056c4       0x26 arduino\hardware\samd\1.6.0\cores\arduino\library.a(WString.o)
                0x000056c4                String::copy(char const*, unsigned int)
 .text._ZN6StringC2EPKc
                0x000056ea       0x26 arduino\hardware\samd\1.6.0\cores\arduino\library.a(WString.o)
                0x000056ea                String::String(char const*)
                0x000056ea                String::String(char const*)
 .text._ZN6String6concatEPKcj
                0x00005710       0x2e arduino\hardware\samd\1.6.0\cores\arduino\library.a(WString.o)
                0x00005710                String::concat(char const*, unsigned int)
 .text._ZN6String6concatEc
                0x0000573e       0x1a arduino\hardware\samd\1.6.0\cores\arduino\library.a(WString.o)
                0x0000573e                String::concat(char)
 .text._ZN3Cpl9Container4Item7insert_EPv
                0x00005758       0x20 src\Cpl\Container\library.a(Item.o)
                0x00005758                Cpl::Container::Item::insert_(void*)
 .text._ZN3Cpl9Container4Item7remove_EPS1_
                0x00005778        0x8 src\Cpl\Container\library.a(Item.o)
                0x00005778                Cpl::Container::Item::remove_(Cpl::Container::Item*)
 .text.startup._GLOBAL__sub_I__ZN3Cpl4Text9longToStrElPcjjc
                0x00005780       0x24 src\Cpl\Text\library.a(btoa.o)
 .text._ZNK3Cpl4Text8FString_9maxLengthEv
                0x000057a4        0x4 src\Cpl\Text\library.a(FString_.o)
                0x000057a4                Cpl::Text::FString_::maxLength() const
 .text._ZN3Cpl4Text8FString_aSEi
                0x000057a8       0x18 src\Cpl\Text\library.a(FString_.o)
                0x000057a8                Cpl::Text::FString_::operator=(int)
 .text._ZN3Cpl4Text8FString_aSEj
                0x000057c0       0x18 src\Cpl\Text\library.a(FString_.o)
                0x000057c0                Cpl::Text::FString_::operator=(unsigned int)
 .text._ZN3Cpl4Text8FString_aSEl
                0x000057d8       0x18 src\Cpl\Text\library.a(FString_.o)
                0x000057d8                Cpl::Text::FString_::operator=(long)
 .text._ZN3Cpl4Text8FString_aSEx
                0x000057f0       0x18 src\Cpl\Text\library.a(FString_.o)
                0x000057f0                Cpl::Text::FString_::operator=(long long)
 .text._ZN3Cpl4Text8FString_aSEm
                0x00005808       0x18 src\Cpl\Text\library.a(FString_.o)
                0x00005808                Cpl::Text::FString_::operator=(unsigned long)
 .text._ZN3Cpl4Text8FString_aSEy
                0x00005820       0x18 src\Cpl\Text\library.a(FString_.o)
                0x00005820                Cpl::Text::FString_::operator=(unsigned long long)
 .text._ZN3Cpl4Text8FString_pLEi
                0x00005838       0x18 src\Cpl\Text\library.a(FString_.o)
                0x00005838                Cpl::Text::FString_::operator+=(int)
 .text._ZN3Cpl4Text8FString_pLEj
                0x00005850       0x18 src\Cpl\Text\library.a(FString_.o)
                0x00005850                Cpl::Text::FString_::operator+=(unsigned int)
 .text._ZN3Cpl4Text8FString_pLEl
                0x00005868       0x18 src\Cpl\Text\library.a(FString_.o)
                0x00005868                Cpl::Text::FString_::operator+=(long)
 .text._ZN3Cpl4Text8FString_pLEx
                0x00005880       0x18 src\Cpl\Text\library.a(FString_.o)
                0x00005880                Cpl::Text::FString_::operator+=(long long)
 .text._ZN3Cpl4Text8FString_pLEm
                0x00005898       0x18 src\Cpl\Text\library.a(FString_.o)
                0x00005898                Cpl::Text::FString_::operator+=(unsigned long)
 .text._ZN3Cpl4Text8FString_pLEy
                0x000058b0       0x18 src\Cpl\Text\library.a(FString_.o)
                0x000058b0                Cpl::Text::FString_::operator+=(unsigned long long)
 .text._ZN3Cpl4Text8FString_D2Ev
                0x000058c8        0x2 src\Cpl\Text\library.a(FString_.o)
                0x000058c8                Cpl::Text::FString_::~FString_()
                0x000058c8                Cpl::Text::FString_::~FString_()
 .text._ZN3Cpl4Text8FString_8insertAtEiPKc
                0x000058ca       0x9e src\Cpl\Text\library.a(FString_.o)
                0x000058ca                Cpl::Text::FString_::insertAt(int, char const*)
 .text._ZN3Cpl4Text8FString_D0Ev
                0x00005968        0xc src\Cpl\Text\library.a(FString_.o)
                0x00005968                Cpl::Text::FString_::~FString_()
 .text._ZN3Cpl4Text8FString_6copyInEPKci
                0x00005974       0x32 src\Cpl\Text\library.a(FString_.o)
                0x00005974                Cpl::Text::FString_::copyIn(char const*, int)
 .text._ZN3Cpl4Text8FString_8appendToEPKci
                0x000059a6       0x46 src\Cpl\Text\library.a(FString_.o)
                0x000059a6                Cpl::Text::FString_::appendTo(char const*, int)
 .text._ZN3Cpl4Text8FString_C2EPKcPci
                0x000059ec       0x54 src\Cpl\Text\library.a(FString_.o)
                0x000059ec                Cpl::Text::FString_::FString_(char const*, char*, int)
                0x000059ec                Cpl::Text::FString_::FString_(char const*, char*, int)
 .text.startup._GLOBAL__sub_I__ZN3Cpl4Text8FString_10m_noMemoryE
                0x00005a40       0x24 src\Cpl\Text\library.a(FString_.o)
 .text._ZN3Cpl4Text7String_5clearEv
                0x00005a64        0xa src\Cpl\Text\library.a(String_.o)
                0x00005a64                Cpl::Text::String_::clear()
 .text._ZNK3Cpl4Text7String_cvcEv
                0x00005a6e        0x6 src\Cpl\Text\library.a(String_.o)
                0x00005a6e                Cpl::Text::String_::operator char() const
 .text._ZNK3Cpl4Text7String_7isEmptyEv
                0x00005a74        0xc src\Cpl\Text\library.a(String_.o)
                0x00005a74                Cpl::Text::String_::isEmpty() const
 .text._ZNK3Cpl4Text7String_9truncatedEv
                0x00005a80        0x4 src\Cpl\Text\library.a(String_.o)
                0x00005a80                Cpl::Text::String_::truncated() const
 .text._ZNK3Cpl4Text7String_eqEc
                0x00005a84        0xc src\Cpl\Text\library.a(String_.o)
                0x00005a84                Cpl::Text::String_::operator==(char) const
 .text._ZN3Cpl4Text7String_10vformatOptEbPKcSt9__va_list
                0x00005a90       0x20 src\Cpl\Text\library.a(String_.o)
                0x00005a90                Cpl::Text::String_::vformatOpt(bool, char const*, std::__va_list)
 .text._ZN3Cpl4Text7String_7replaceEcc
                0x00005ab0       0x26 src\Cpl\Text\library.a(String_.o)
                0x00005ab0                Cpl::Text::String_::replace(char, char)
 .text._ZNK3Cpl4Text7String_9getStringEv
                0x00005ad6        0x4 src\Cpl\Text\library.a(String_.o)
                0x00005ad6                Cpl::Text::String_::getString() const
 .text._ZN3Cpl4Text7String_9getBufferERi
                0x00005ada       0x16 src\Cpl\Text\library.a(String_.o)
                0x00005ada                Cpl::Text::String_::getBuffer(int&)
 .text._ZN3Cpl4Text7String_aSERKNS0_6StringE
                0x00005af0       0x2a src\Cpl\Text\library.a(String_.o)
                0x00005af0                Cpl::Text::String_::operator=(Cpl::Text::String const&)
 .text._ZN3Cpl4Text7String_aSEc
                0x00005b1a       0x1a src\Cpl\Text\library.a(String_.o)
                0x00005b1a                Cpl::Text::String_::operator=(char)
 .text._ZN3Cpl4Text7String_pLEc
                0x00005b34       0x1a src\Cpl\Text\library.a(String_.o)
                0x00005b34                Cpl::Text::String_::operator+=(char)
 .text._ZNK3Cpl4Text7String_6lengthEv
                0x00005b4e        0x6 src\Cpl\Text\library.a(String_.o)
                0x00005b4e                Cpl::Text::String_::length() const
 .text._ZN3Cpl4Text7String_9trimRightEi
                0x00005b54       0x1c src\Cpl\Text\library.a(String_.o)
                0x00005b54                Cpl::Text::String_::trimRight(int)
 .text._ZN3Cpl4Text7String_7setCharEic
                0x00005b70       0x1a src\Cpl\Text\library.a(String_.o)
                0x00005b70                Cpl::Text::String_::setChar(int, char)
 .text._ZNK3Cpl4Text7String_9getRawKeyEPj
                0x00005b8a       0x14 src\Cpl\Text\library.a(String_.o)
                0x00005b8a                Cpl::Text::String_::getRawKey(unsigned int*) const
 .text._ZN3Cpl4Text7String_aSEPKc
                0x00005b9e       0x22 src\Cpl\Text\library.a(String_.o)
                0x00005b9e                Cpl::Text::String_::operator=(char const*)
 .text._ZN3Cpl4Text7String_pLEPKc
                0x00005bc0       0x22 src\Cpl\Text\library.a(String_.o)
                0x00005bc0                Cpl::Text::String_::operator+=(char const*)
 .text._ZNK3Cpl4Text7String_eqEPKc
                0x00005be2       0x16 src\Cpl\Text\library.a(String_.o)
                0x00005be2                Cpl::Text::String_::operator==(char const*) const
 .text._ZNK3Cpl4Text7String_eqERKNS0_6StringE
                0x00005bf8       0x1c src\Cpl\Text\library.a(String_.o)
                0x00005bf8                Cpl::Text::String_::operator==(Cpl::Text::String const&) const
 .text._ZNK3Cpl4Text7String_neEPKc
                0x00005c14       0x16 src\Cpl\Text\library.a(String_.o)
                0x00005c14                Cpl::Text::String_::operator!=(char const*) const
 .text._ZNK3Cpl4Text7String_neERKNS0_6StringE
                0x00005c2a       0x1c src\Cpl\Text\library.a(String_.o)
                0x00005c2a                Cpl::Text::String_::operator!=(Cpl::Text::String const&) const
 .text._ZNK3Cpl4Text7String_7compareEPKc
                0x00005c46        0xe src\Cpl\Text\library.a(String_.o)
                0x00005c46                Cpl::Text::String_::compare(char const*) const
 .text._ZNK3Cpl4Text7String_17compareIgnoreCaseEPKc
                0x00005c54        0xe src\Cpl\Text\library.a(String_.o)
                0x00005c54                Cpl::Text::String_::compareIgnoreCase(char const*) const
 .text._ZNK3Cpl4Text7String_17isEqualIgnoreCaseEPKc
                0x00005c62       0x16 src\Cpl\Text\library.a(String_.o)
                0x00005c62                Cpl::Text::String_::isEqualIgnoreCase(char const*) const
 .text._ZNK3Cpl4Text7String_16isEqualSubstringEiiPKc
                0x00005c78       0x48 src\Cpl\Text\library.a(String_.o)
                0x00005c78                Cpl::Text::String_::isEqualSubstring(int, int, char const*) const
 .text._ZNK3Cpl4Text7String_10startsWithEPKci
                0x00005cc0       0x3a src\Cpl\Text\library.a(String_.o)
                0x00005cc0                Cpl::Text::String_::startsWith(char const*, int) const
 .text._ZNK3Cpl4Text7String_10startsWithEPKc
                0x00005cfa        0x6 src\Cpl\Text\library.a(String_.o)
                0x00005cfa                Cpl::Text::String_::startsWith(char const*) const
 .text._ZNK3Cpl4Text7String_8endsWithEPKc
                0x00005d00       0x34 src\Cpl\Text\library.a(String_.o)
                0x00005d00                Cpl::Text::String_::endsWith(char const*) const
 .text._ZNK3Cpl4Text7String_26isEqualSubstringIgnoreCaseEiiPKc
                0x00005d34       0x48 src\Cpl\Text\library.a(String_.o)
                0x00005d34                Cpl::Text::String_::isEqualSubstringIgnoreCase(int, int, char const*) const
 .text._ZN3Cpl4Text7String_6formatEPKcz
                0x00005d7c       0x1e src\Cpl\Text\library.a(String_.o)
                0x00005d7c                Cpl::Text::String_::format(char const*, ...)
 .text._ZN3Cpl4Text7String_12formatAppendEPKcz
                0x00005d9a       0x1e src\Cpl\Text\library.a(String_.o)
                0x00005d9a                Cpl::Text::String_::formatAppend(char const*, ...)
 .text._ZN3Cpl4Text7String_9formatOptEbPKcz
                0x00005db8       0x28 src\Cpl\Text\library.a(String_.o)
                0x00005db8                Cpl::Text::String_::formatOpt(bool, char const*, ...)
 .text._ZN3Cpl4Text7String_7toUpperEv
                0x00005de0        0xe src\Cpl\Text\library.a(String_.o)
                0x00005de0                Cpl::Text::String_::toUpper()
 .text._ZN3Cpl4Text7String_7toLowerEv
                0x00005dee        0xe src\Cpl\Text\library.a(String_.o)
                0x00005dee                Cpl::Text::String_::toLower()
 .text._ZN3Cpl4Text7String_19removeLeadingSpacesEv
                0x00005dfc       0x34 src\Cpl\Text\library.a(String_.o)
                0x00005dfc                Cpl::Text::String_::removeLeadingSpaces()
 .text._ZN3Cpl4Text7String_20removeTrailingSpacesEv
                0x00005e30        0xa src\Cpl\Text\library.a(String_.o)
                0x00005e30                Cpl::Text::String_::removeTrailingSpaces()
 .text._ZN3Cpl4Text7String_18removeLeadingCharsEPKc
                0x00005e3a       0x34 src\Cpl\Text\library.a(String_.o)
                0x00005e3a                Cpl::Text::String_::removeLeadingChars(char const*)
 .text._ZN3Cpl4Text7String_19removeTrailingCharsEPKc
                0x00005e6e        0xa src\Cpl\Text\library.a(String_.o)
                0x00005e6e                Cpl::Text::String_::removeTrailingChars(char const*)
 .text._ZNK3Cpl4Text7String_7indexOfEci
                0x00005e78       0x28 src\Cpl\Text\library.a(String_.o)
                0x00005e78                Cpl::Text::String_::indexOf(char, int) const
 .text._ZNK3Cpl4Text7String_7indexOfEc
                0x00005ea0        0x6 src\Cpl\Text\library.a(String_.o)
                0x00005ea0                Cpl::Text::String_::indexOf(char) const
 .text._ZNK3Cpl4Text7String_5countEc
                0x00005ea6       0x1a src\Cpl\Text\library.a(String_.o)
                0x00005ea6                Cpl::Text::String_::count(char) const
 .text._ZNK3Cpl4Text7String_7indexOfEPKci
                0x00005ec0       0x28 src\Cpl\Text\library.a(String_.o)
                0x00005ec0                Cpl::Text::String_::indexOf(char const*, int) const
 .text._ZNK3Cpl4Text7String_7indexOfEPKc
                0x00005ee8        0x6 src\Cpl\Text\library.a(String_.o)
                0x00005ee8                Cpl::Text::String_::indexOf(char const*) const
 .text._ZNK3Cpl4Text7String_11lastIndexOfEc
                0x00005eee       0x16 src\Cpl\Text\library.a(String_.o)
                0x00005eee                Cpl::Text::String_::lastIndexOf(char) const
 .text._ZN3Cpl4Text7String_3cutEii
                0x00005f04       0x54 src\Cpl\Text\library.a(String_.o)
                0x00005f04                Cpl::Text::String_::cut(int, int)
 .text._ZNK3Cpl4Text7String_10compareKeyERKNS_9Container3KeyE
                0x00005f58       0x2c src\Cpl\Text\library.a(String_.o)
                0x00005f58                Cpl::Text::String_::compareKey(Cpl::Container::Key const&) const
 .text._ZN3Cpl4Text7String_pLERKNS0_6StringE
                0x00005f84       0x2a src\Cpl\Text\library.a(String_.o)
                0x00005f84                Cpl::Text::String_::operator+=(Cpl::Text::String const&)
 *fill*         0x00005fae        0x2 
 .text._ZN3Cpl4Text7String_C2EPc
                0x00005fb0       0x10 src\Cpl\Text\library.a(String_.o)
                0x00005fb0                Cpl::Text::String_::String_(char*)
                0x00005fb0                Cpl::Text::String_::String_(char*)
 .text._ZN3Cpl4Text7String_23validateSizeAfterFormatEiii
                0x00005fc0       0x1a src\Cpl\Text\library.a(String_.o)
                0x00005fc0                Cpl::Text::String_::validateSizeAfterFormat(int, int, int)
 .text._ZN3Cpl4Text7String_7vformatEPKcSt9__va_list
                0x00005fda       0x48 src\Cpl\Text\library.a(String_.o)
                0x00005fda                Cpl::Text::String_::vformat(char const*, std::__va_list)
 .text._ZN3Cpl4Text7String_13vformatAppendEPKcSt9__va_list
                0x00006022       0x4a src\Cpl\Text\library.a(String_.o)
                0x00006022                Cpl::Text::String_::vformatAppend(char const*, std::__va_list)
 .text.startup._GLOBAL__sub_I__ZN3Cpl4Text7String_C2EPc
                0x0000606c       0x24 src\Cpl\Text\library.a(String_.o)
 .text._ZN3Cpl4Text14isCharInStringEPKcc
                0x00006090       0x22 src\Cpl\Text\library.a(strip.o)
                0x00006090                Cpl::Text::isCharInString(char const*, char)
 .text._ZN3Cpl4Text10stripSpaceEPKc
                0x000060b2       0x1c src\Cpl\Text\library.a(strip.o)
                0x000060b2                Cpl::Text::stripSpace(char const*)
 .text._ZN3Cpl4Text18stripTrailingSpaceEPKc
                0x000060ce       0x28 src\Cpl\Text\library.a(strip.o)
                0x000060ce                Cpl::Text::stripTrailingSpace(char const*)
 .text._ZN3Cpl4Text19removeTrailingSpaceEPc
                0x000060f6       0x1c src\Cpl\Text\library.a(strip.o)
                0x000060f6                Cpl::Text::removeTrailingSpace(char*)
 .text._ZN3Cpl4Text10stripCharsEPKcS2_
                0x00006112       0x22 src\Cpl\Text\library.a(strip.o)
                0x00006112                Cpl::Text::stripChars(char const*, char const*)
 .text._ZN3Cpl4Text18stripTrailingCharsEPKcS2_
                0x00006134       0x2e src\Cpl\Text\library.a(strip.o)
                0x00006134                Cpl::Text::stripTrailingChars(char const*, char const*)
 .text._ZN3Cpl4Text19removeTrailingCharsEPcPKc
                0x00006162       0x22 src\Cpl\Text\library.a(strip.o)
                0x00006162                Cpl::Text::removeTrailingChars(char*, char const*)
 .text._ZN3Cpl9Container5SListINS_6System12StartupHook_EE3getEv
                0x00006184       0x1c src\Cpl\System\library.a(Private_.o)
                0x00006184                Cpl::Container::SList<Cpl::System::StartupHook_>::get()
 .text._ZN3Cpl6System12StartupHook_20notifyStartupClientsEv
                0x000061a0       0x7c src\Cpl\System\library.a(Private_.o)
                0x000061a0                Cpl::System::StartupHook_::notifyStartupClients()
 .text.startup._GLOBAL__sub_I__ZN3Cpl6System12StartupHook_C2ENS1_11InitLevel_TE
                0x0000621c       0x24 src\Cpl\System\library.a(Private_.o)
 .text._ZN3Cpl6System8Runnable3runEv
                0x00006240       0x38 src\Cpl\System\library.a(Runnable.o)
                0x00006240                Cpl::System::Runnable::run()
 .text._ZN3Cpl6System8Runnable9isRunningEv
                0x00006278       0x1a src\Cpl\System\library.a(Runnable.o)
                0x00006278                Cpl::System::Runnable::isRunning()
 *fill*         0x00006292        0x2 
 .text._ZN3Cpl6System8RunnableC2Ev
                0x00006294       0x10 src\Cpl\System\library.a(Runnable.o)
                0x00006294                Cpl::System::Runnable::Runnable()
                0x00006294                Cpl::System::Runnable::Runnable()
 .text.startup._GLOBAL__sub_I__ZN3Cpl6System8RunnableC2Ev
                0x000062a4       0x24 src\Cpl\System\library.a(Runnable.o)
 .text._ZN3Cpl6System8Shutdown7failureEi
                0x000062c8       0x1e src\Cpl\System\FreeRTOS\library.a(Shutdown.o)
                0x000062c8                Cpl::System::Shutdown::failure(int)
 .text._ZN3Cpl2Io6Serial7Arduino11InputOutput5isEosEv
                0x000062e6        0x8 src\Cpl\Io\Serial\Arduino\library.a(InputOutput.o)
                0x000062e6                Cpl::Io::Serial::Arduino::InputOutput::isEos()
 *fill*         0x000062ee        0x2 
 .text._ZN3Cpl2Io6Serial7Arduino11InputOutput5closeEv
                0x000062f0       0x18 src\Cpl\Io\Serial\Arduino\library.a(InputOutput.o)
                0x000062f0                Cpl::Io::Serial::Arduino::InputOutput::close()
 .text._ZTv0_n12_N3Cpl2Io6Serial7Arduino11InputOutput5closeEv
                0x00006308       0x12 src\Cpl\Io\Serial\Arduino\library.a(InputOutput.o)
                0x00006308                virtual thunk to Cpl::Io::Serial::Arduino::InputOutput::close()
 *fill*         0x0000631a        0x2 
 .text._ZN3Cpl2Io5InputD4Ev
                0x0000631c       0x38 src\Cpl\Io\Serial\Arduino\library.a(InputOutput.o)
 .text._ZN3Cpl2Io5InputD2Ev
                0x00006354        0x8 src\Cpl\Io\Serial\Arduino\library.a(InputOutput.o)
                0x00006354                Cpl::Io::Input::~Input()
 .text._ZN3Cpl2Io5InputD1Ev
                0x0000635c       0x28 src\Cpl\Io\Serial\Arduino\library.a(InputOutput.o)
                0x0000635c                Cpl::Io::Input::~Input()
                0x0000636c                virtual thunk to Cpl::Io::Input::~Input()
 .text._ZN3Cpl2Io5InputD0Ev
                0x00006384       0x28 src\Cpl\Io\Serial\Arduino\library.a(InputOutput.o)
                0x00006384                Cpl::Io::Input::~Input()
                0x0000639c                virtual thunk to Cpl::Io::Input::~Input()
 .text._ZN3Cpl2Io6OutputD4Ev
                0x000063ac       0x38 src\Cpl\Io\Serial\Arduino\library.a(InputOutput.o)
 .text._ZN3Cpl2Io6OutputD2Ev
                0x000063e4        0x8 src\Cpl\Io\Serial\Arduino\library.a(InputOutput.o)
                0x000063e4                Cpl::Io::Output::~Output()